  GameState.cpp
D:\GitHubFiles\SageEngine\S.A.G.E\Engine\SAGE\Inc\RBPhysicsService.h(19,9): error C3083: 'RBPhysics': the symbol to the left of a '::' must be a type
  (compiling source file 'GameState.cpp')
  
D:\GitHubFiles\SageEngine\S.A.G.E\Engine\SAGE\Inc\RBPhysicsService.h(19,20): error C2039: 'PhysicsWorld': is not a member of 'SAGE'
  (compiling source file 'GameState.cpp')
      D:\GitHubFiles\SageEngine\S.A.G.E\Engine\SAGE\Inc\RBPhysicsService.h(5,11):
      see declaration of 'SAGE'
  
D:\GitHubFiles\SageEngine\S.A.G.E\Engine\SAGE\Inc\RBPhysicsService.h(19,33): error C3646: 'mPhysicsWorld': unknown override specifier
  (compiling source file 'GameState.cpp')
  
D:\GitHubFiles\SageEngine\S.A.G.E\Engine\SAGE\Inc\RBPhysicsService.h(19,46): error C4430: missing type specifier - int assumed. Note: C++ does not support default-int
  (compiling source file 'GameState.cpp')
  
D:\GitHubFiles\SageEngine\S.A.G.E\VGP330\08_HelloEarth\GameState.h(30,26): error C2061: syntax error: identifier 'TypedConstantBuffer'
  (compiling source file 'GameState.cpp')
  
D:\GitHubFiles\SageEngine\S.A.G.E\VGP330\08_HelloEarth\GameState.h(31,25): error C2061: syntax error: identifier 'TypedConstantBuffer'
  (compiling source file 'GameState.cpp')
  
D:\GitHubFiles\SageEngine\S.A.G.E\VGP330\08_HelloEarth\GameState.h(32,22): error C2061: syntax error: identifier 'TypedConstantBuffer'
  (compiling source file 'GameState.cpp')
  
D:\GitHubFiles\SageEngine\S.A.G.E\VGP330\08_HelloEarth\GameState.h(33,25): error C2061: syntax error: identifier 'TypedConstantBuffer'
  (compiling source file 'GameState.cpp')
  
D:\GitHubFiles\SageEngine\S.A.G.E\VGP330\08_HelloEarth\GameState.h(35,18): error C3646: 'mTransformBuffer': unknown override specifier
  (compiling source file 'GameState.cpp')
  
D:\GitHubFiles\SageEngine\S.A.G.E\VGP330\08_HelloEarth\GameState.h(35,34): error C4430: missing type specifier - int assumed. Note: C++ does not support default-int
  (compiling source file 'GameState.cpp')
  
D:\GitHubFiles\SageEngine\S.A.G.E\VGP330\08_HelloEarth\GameState.h(36,17): error C3646: 'mMaterialBuffer': unknown override specifier
  (compiling source file 'GameState.cpp')
  
D:\GitHubFiles\SageEngine\S.A.G.E\VGP330\08_HelloEarth\GameState.h(36,32): error C4430: missing type specifier - int assumed. Note: C++ does not support default-int
  (compiling source file 'GameState.cpp')
  
D:\GitHubFiles\SageEngine\S.A.G.E\VGP330\08_HelloEarth\GameState.h(37,14): error C3646: 'mLightBuffer': unknown override specifier
  (compiling source file 'GameState.cpp')
  
D:\GitHubFiles\SageEngine\S.A.G.E\VGP330\08_HelloEarth\GameState.h(37,26): error C4430: missing type specifier - int assumed. Note: C++ does not support default-int
  (compiling source file 'GameState.cpp')
  
D:\GitHubFiles\SageEngine\S.A.G.E\VGP330\08_HelloEarth\GameState.h(38,17): error C3646: 'mSettingsBuffer': unknown override specifier
  (compiling source file 'GameState.cpp')
  
D:\GitHubFiles\SageEngine\S.A.G.E\VGP330\08_HelloEarth\GameState.h(38,32): error C4430: missing type specifier - int assumed. Note: C++ does not support default-int
  (compiling source file 'GameState.cpp')
  
D:\GitHubFiles\SageEngine\S.A.G.E\VGP330\08_HelloEarth\GameState.h(50,19): error C3646: 'mDirectionalLight': unknown override specifier
  (compiling source file 'GameState.cpp')
  
D:\GitHubFiles\SageEngine\S.A.G.E\VGP330\08_HelloEarth\GameState.h(50,36): error C4430: missing type specifier - int assumed. Note: C++ does not support default-int
  (compiling source file 'GameState.cpp')
  
D:\GitHubFiles\SageEngine\S.A.G.E\VGP330\08_HelloEarth\GameState.cpp(13,2): error C2065: 'mDirectionalLight': undeclared identifier
D:\GitHubFiles\SageEngine\S.A.G.E\VGP330\08_HelloEarth\GameState.cpp(14,2): error C2065: 'mDirectionalLight': undeclared identifier
D:\GitHubFiles\SageEngine\S.A.G.E\VGP330\08_HelloEarth\GameState.cpp(15,2): error C2065: 'mDirectionalLight': undeclared identifier
D:\GitHubFiles\SageEngine\S.A.G.E\VGP330\08_HelloEarth\GameState.cpp(16,2): error C2065: 'mDirectionalLight': undeclared identifier
D:\GitHubFiles\SageEngine\S.A.G.E\VGP330\08_HelloEarth\GameState.cpp(34,2): error C2065: 'mSettingsBuffer': undeclared identifier
D:\GitHubFiles\SageEngine\S.A.G.E\VGP330\08_HelloEarth\GameState.cpp(35,2): error C2065: 'mTransformBuffer': undeclared identifier
D:\GitHubFiles\SageEngine\S.A.G.E\VGP330\08_HelloEarth\GameState.cpp(36,2): error C2065: 'mMaterialBuffer': undeclared identifier
D:\GitHubFiles\SageEngine\S.A.G.E\VGP330\08_HelloEarth\GameState.cpp(37,2): error C2065: 'mDirectionalLight': undeclared identifier
D:\GitHubFiles\SageEngine\S.A.G.E\VGP330\08_HelloEarth\GameState.cpp(38,2): error C2065: 'mTransformBuffer': undeclared identifier
D:\GitHubFiles\SageEngine\S.A.G.E\VGP330\08_HelloEarth\GameState.cpp(59,2): error C2065: 'mTransformBuffer': undeclared identifier
D:\GitHubFiles\SageEngine\S.A.G.E\VGP330\08_HelloEarth\GameState.cpp(61,2): error C2065: 'mLightBuffer': undeclared identifier
D:\GitHubFiles\SageEngine\S.A.G.E\VGP330\08_HelloEarth\GameState.cpp(62,2): error C2065: 'mLightBuffer': undeclared identifier
D:\GitHubFiles\SageEngine\S.A.G.E\VGP330\08_HelloEarth\GameState.cpp(64,2): error C2065: 'mMaterialBuffer': undeclared identifier
D:\GitHubFiles\SageEngine\S.A.G.E\VGP330\08_HelloEarth\GameState.cpp(65,2): error C2065: 'mSettingsBuffer': undeclared identifier
D:\GitHubFiles\SageEngine\S.A.G.E\VGP330\08_HelloEarth\GameState.cpp(66,2): error C2065: 'mSettingsBuffer': undeclared identifier
D:\GitHubFiles\SageEngine\S.A.G.E\VGP330\08_HelloEarth\GameState.cpp(81,2): error C2065: 'mTransformBuffer': undeclared identifier
D:\GitHubFiles\SageEngine\S.A.G.E\VGP330\08_HelloEarth\GameState.cpp(83,2): error C2065: 'mLightBuffer': undeclared identifier
D:\GitHubFiles\SageEngine\S.A.G.E\VGP330\08_HelloEarth\GameState.cpp(83,23): error C2065: 'mDirectionalLight': undeclared identifier
D:\GitHubFiles\SageEngine\S.A.G.E\VGP330\08_HelloEarth\GameState.cpp(85,2): error C2065: 'mSettingsBuffer': undeclared identifier
D:\GitHubFiles\SageEngine\S.A.G.E\VGP330\08_HelloEarth\GameState.cpp(112,46): error C2065: 'mDirectionalLight': undeclared identifier
D:\GitHubFiles\SageEngine\S.A.G.E\VGP330\08_HelloEarth\GameState.cpp(112,14): error C2665: 'ImGui::DragFloat3': no overloaded function could convert all the argument types
      D:\GitHubFiles\SageEngine\S.A.G.E\External\ImGui\Inc\imgui.h(538,29):
      could be 'bool ImGui::DragFloat3(const char *,float [],float,float,float,const char *,ImGuiSliderFlags)'
          D:\GitHubFiles\SageEngine\S.A.G.E\VGP330\08_HelloEarth\GameState.cpp(112,14):
          'bool ImGui::DragFloat3(const char *,float [],float,float,float,const char *,ImGuiSliderFlags)': cannot convert argument 2 from 'float' to 'float []'
      D:\GitHubFiles\SageEngine\S.A.G.E\VGP330\08_HelloEarth\GameState.cpp(112,14):
      while trying to match the argument list '(const char [17], float, float, float)'
  
D:\GitHubFiles\SageEngine\S.A.G.E\VGP330\08_HelloEarth\GameState.cpp(113,4): error C2065: 'mDirectionalLight': undeclared identifier
D:\GitHubFiles\SageEngine\S.A.G.E\VGP330\08_HelloEarth\GameState.cpp(113,50): error C2065: 'mDirectionalLight': undeclared identifier
D:\GitHubFiles\SageEngine\S.A.G.E\VGP330\08_HelloEarth\GameState.cpp(116,40): error C2065: 'mDirectionalLight': undeclared identifier
D:\GitHubFiles\SageEngine\S.A.G.E\VGP330\08_HelloEarth\GameState.cpp(116,10): error C2660: 'ImGui::ColorEdit4': function does not take 1 arguments
      D:\GitHubFiles\SageEngine\S.A.G.E\External\ImGui\Inc\imgui.h(592,29):
      see declaration of 'ImGui::ColorEdit4'
      D:\GitHubFiles\SageEngine\S.A.G.E\VGP330\08_HelloEarth\GameState.cpp(116,10):
      while trying to match the argument list '(const char [15])'
  
D:\GitHubFiles\SageEngine\S.A.G.E\VGP330\08_HelloEarth\GameState.cpp(117,40): error C2065: 'mDirectionalLight': undeclared identifier
D:\GitHubFiles\SageEngine\S.A.G.E\VGP330\08_HelloEarth\GameState.cpp(117,10): error C2660: 'ImGui::ColorEdit4': function does not take 1 arguments
      D:\GitHubFiles\SageEngine\S.A.G.E\External\ImGui\Inc\imgui.h(592,29):
      see declaration of 'ImGui::ColorEdit4'
      D:\GitHubFiles\SageEngine\S.A.G.E\VGP330\08_HelloEarth\GameState.cpp(117,10):
      while trying to match the argument list '(const char [15])'
  
D:\GitHubFiles\SageEngine\S.A.G.E\VGP330\08_HelloEarth\GameState.cpp(118,41): error C2065: 'mDirectionalLight': undeclared identifier
D:\GitHubFiles\SageEngine\S.A.G.E\VGP330\08_HelloEarth\GameState.cpp(118,10): error C2660: 'ImGui::ColorEdit4': function does not take 1 arguments
      D:\GitHubFiles\SageEngine\S.A.G.E\External\ImGui\Inc\imgui.h(592,29):
      see declaration of 'ImGui::ColorEdit4'
      D:\GitHubFiles\SageEngine\S.A.G.E\VGP330\08_HelloEarth\GameState.cpp(118,10):
      while trying to match the argument list '(const char [16])'
  
  WinMain.cpp
D:\GitHubFiles\SageEngine\S.A.G.E\Engine\SAGE\Inc\RBPhysicsService.h(19,9): error C3083: 'RBPhysics': the symbol to the left of a '::' must be a type
  (compiling source file '../../VGP330/08_HelloEarth/WinMain.cpp')
  
D:\GitHubFiles\SageEngine\S.A.G.E\Engine\SAGE\Inc\RBPhysicsService.h(19,20): error C2039: 'PhysicsWorld': is not a member of 'SAGE'
  (compiling source file '../../VGP330/08_HelloEarth/WinMain.cpp')
      D:\GitHubFiles\SageEngine\S.A.G.E\Engine\SAGE\Inc\RBPhysicsService.h(5,11):
      see declaration of 'SAGE'
  
D:\GitHubFiles\SageEngine\S.A.G.E\Engine\SAGE\Inc\RBPhysicsService.h(19,33): error C3646: 'mPhysicsWorld': unknown override specifier
  (compiling source file '../../VGP330/08_HelloEarth/WinMain.cpp')
  
D:\GitHubFiles\SageEngine\S.A.G.E\Engine\SAGE\Inc\RBPhysicsService.h(19,46): error C4430: missing type specifier - int assumed. Note: C++ does not support default-int
  (compiling source file '../../VGP330/08_HelloEarth/WinMain.cpp')
  
D:\GitHubFiles\SageEngine\S.A.G.E\VGP330\08_HelloEarth\GameState.h(30,26): error C2061: syntax error: identifier 'TypedConstantBuffer'
  (compiling source file '../../VGP330/08_HelloEarth/WinMain.cpp')
  
D:\GitHubFiles\SageEngine\S.A.G.E\VGP330\08_HelloEarth\GameState.h(31,25): error C2061: syntax error: identifier 'TypedConstantBuffer'
  (compiling source file '../../VGP330/08_HelloEarth/WinMain.cpp')
  
D:\GitHubFiles\SageEngine\S.A.G.E\VGP330\08_HelloEarth\GameState.h(32,22): error C2061: syntax error: identifier 'TypedConstantBuffer'
  (compiling source file '../../VGP330/08_HelloEarth/WinMain.cpp')
  
D:\GitHubFiles\SageEngine\S.A.G.E\VGP330\08_HelloEarth\GameState.h(33,25): error C2061: syntax error: identifier 'TypedConstantBuffer'
  (compiling source file '../../VGP330/08_HelloEarth/WinMain.cpp')
  
D:\GitHubFiles\SageEngine\S.A.G.E\VGP330\08_HelloEarth\GameState.h(35,18): error C3646: 'mTransformBuffer': unknown override specifier
  (compiling source file '../../VGP330/08_HelloEarth/WinMain.cpp')
  
D:\GitHubFiles\SageEngine\S.A.G.E\VGP330\08_HelloEarth\GameState.h(35,34): error C4430: missing type specifier - int assumed. Note: C++ does not support default-int
  (compiling source file '../../VGP330/08_HelloEarth/WinMain.cpp')
  
D:\GitHubFiles\SageEngine\S.A.G.E\VGP330\08_HelloEarth\GameState.h(36,17): error C3646: 'mMaterialBuffer': unknown override specifier
  (compiling source file '../../VGP330/08_HelloEarth/WinMain.cpp')
  
D:\GitHubFiles\SageEngine\S.A.G.E\VGP330\08_HelloEarth\GameState.h(36,32): error C4430: missing type specifier - int assumed. Note: C++ does not support default-int
  (compiling source file '../../VGP330/08_HelloEarth/WinMain.cpp')
  
D:\GitHubFiles\SageEngine\S.A.G.E\VGP330\08_HelloEarth\GameState.h(37,14): error C3646: 'mLightBuffer': unknown override specifier
  (compiling source file '../../VGP330/08_HelloEarth/WinMain.cpp')
  
D:\GitHubFiles\SageEngine\S.A.G.E\VGP330\08_HelloEarth\GameState.h(37,26): error C4430: missing type specifier - int assumed. Note: C++ does not support default-int
  (compiling source file '../../VGP330/08_HelloEarth/WinMain.cpp')
  
D:\GitHubFiles\SageEngine\S.A.G.E\VGP330\08_HelloEarth\GameState.h(38,17): error C3646: 'mSettingsBuffer': unknown override specifier
  (compiling source file '../../VGP330/08_HelloEarth/WinMain.cpp')
  
D:\GitHubFiles\SageEngine\S.A.G.E\VGP330\08_HelloEarth\GameState.h(38,32): error C4430: missing type specifier - int assumed. Note: C++ does not support default-int
  (compiling source file '../../VGP330/08_HelloEarth/WinMain.cpp')
  
D:\GitHubFiles\SageEngine\S.A.G.E\VGP330\08_HelloEarth\GameState.h(50,19): error C3646: 'mDirectionalLight': unknown override specifier
  (compiling source file '../../VGP330/08_HelloEarth/WinMain.cpp')
  
D:\GitHubFiles\SageEngine\S.A.G.E\VGP330\08_HelloEarth\GameState.h(50,36): error C4430: missing type specifier - int assumed. Note: C++ does not support default-int
  (compiling source file '../../VGP330/08_HelloEarth/WinMain.cpp')
  
  Generating Code...
