  GameState.cpp
D:\GitHubFiles\SageEngine\S.A.G.E\Engine\SAGE\Inc\RBPhysicsService.h(19,9): error C3083: 'RBPhysics': the symbol to the left of a '::' must be a type
  (compiling source file '../../VGP337/KMeans/GameState.cpp')
  
D:\GitHubFiles\SageEngine\S.A.G.E\Engine\SAGE\Inc\RBPhysicsService.h(19,20): error C2039: 'PhysicsWorld': is not a member of 'SAGE'
  (compiling source file '../../VGP337/KMeans/GameState.cpp')
      D:\GitHubFiles\SageEngine\S.A.G.E\Engine\SAGE\Inc\RBPhysicsService.h(5,11):
      see declaration of 'SAGE'
  
D:\GitHubFiles\SageEngine\S.A.G.E\Engine\SAGE\Inc\RBPhysicsService.h(19,33): error C3646: 'mPhysicsWorld': unknown override specifier
  (compiling source file '../../VGP337/KMeans/GameState.cpp')
  
D:\GitHubFiles\SageEngine\S.A.G.E\Engine\SAGE\Inc\RBPhysicsService.h(19,46): error C4430: missing type specifier - int assumed. Note: C++ does not support default-int
  (compiling source file '../../VGP337/KMeans/GameState.cpp')
  
D:\GitHubFiles\SageEngine\S.A.G.E\VGP337\KMeans\GameState.cpp(37,3): warning C4477: 'snprintf' : format string '%zu' requires an argument of type 'unsigned __int64', but variadic argument 4 has type 'int'
      D:\GitHubFiles\SageEngine\S.A.G.E\VGP337\KMeans\GameState.cpp(37,3):
      consider using '%u' in the format string
      D:\GitHubFiles\SageEngine\S.A.G.E\VGP337\KMeans\GameState.cpp(37,3):
      consider using '%I32u' in the format string
  
D:\GitHubFiles\SageEngine\S.A.G.E\VGP337\KMeans\GameState.cpp(72,34): warning C4267: 'argument': conversion from 'size_t' to '_Ty', possible loss of data
D:\GitHubFiles\SageEngine\S.A.G.E\VGP337\KMeans\GameState.cpp(72,34): warning C4267:         with
D:\GitHubFiles\SageEngine\S.A.G.E\VGP337\KMeans\GameState.cpp(72,34): warning C4267:         [
D:\GitHubFiles\SageEngine\S.A.G.E\VGP337\KMeans\GameState.cpp(72,34): warning C4267:             _Ty=int
D:\GitHubFiles\SageEngine\S.A.G.E\VGP337\KMeans\GameState.cpp(72,34): warning C4267:         ]
  WinMain.cpp
D:\GitHubFiles\SageEngine\S.A.G.E\Engine\SAGE\Inc\RBPhysicsService.h(19,9): error C3083: 'RBPhysics': the symbol to the left of a '::' must be a type
  (compiling source file '../../VGP337/KMeans/WinMain.cpp')
  
D:\GitHubFiles\SageEngine\S.A.G.E\Engine\SAGE\Inc\RBPhysicsService.h(19,20): error C2039: 'PhysicsWorld': is not a member of 'SAGE'
  (compiling source file '../../VGP337/KMeans/WinMain.cpp')
      D:\GitHubFiles\SageEngine\S.A.G.E\Engine\SAGE\Inc\RBPhysicsService.h(5,11):
      see declaration of 'SAGE'
  
D:\GitHubFiles\SageEngine\S.A.G.E\Engine\SAGE\Inc\RBPhysicsService.h(19,33): error C3646: 'mPhysicsWorld': unknown override specifier
  (compiling source file '../../VGP337/KMeans/WinMain.cpp')
  
D:\GitHubFiles\SageEngine\S.A.G.E\Engine\SAGE\Inc\RBPhysicsService.h(19,46): error C4430: missing type specifier - int assumed. Note: C++ does not support default-int
  (compiling source file '../../VGP337/KMeans/WinMain.cpp')
  
  Generating Code...
