d:\githubfiles\sageengine\s.a.g.e\x64\debug\bullet.pdb
d:\githubfiles\sageengine\s.a.g.e\x64\debug\bullet.idb
d:\githubfiles\sageengine\s.a.g.e\external\bullet\x64\debug\b3gpugridbroadphase.obj
d:\githubfiles\sageengine\s.a.g.e\external\bullet\x64\debug\b3geometryutil.obj
d:\githubfiles\sageengine\s.a.g.e\external\bullet\x64\debug\b3convexhullcomputer.obj
d:\githubfiles\sageengine\s.a.g.e\external\bullet\x64\debug\b3typedconstraint.obj
d:\githubfiles\sageengine\s.a.g.e\external\bullet\x64\debug\b3point2pointconstraint.obj
d:\githubfiles\sageengine\s.a.g.e\external\bullet\x64\debug\b3pgsjacobisolver.obj
d:\githubfiles\sageengine\s.a.g.e\external\bullet\x64\debug\b3generic6dofconstraint.obj
d:\githubfiles\sageengine\s.a.g.e\external\bullet\x64\debug\b3fixedconstraint.obj
d:\githubfiles\sageengine\s.a.g.e\external\bullet\x64\debug\b3cpurigidbodypipeline.obj
d:\githubfiles\sageengine\s.a.g.e\external\bullet\x64\debug\b3vector3.obj
d:\githubfiles\sageengine\s.a.g.e\external\bullet\x64\debug\b3logging.obj
d:\githubfiles\sageengine\s.a.g.e\external\bullet\x64\debug\b3alignedallocator.obj
d:\githubfiles\sageengine\s.a.g.e\external\bullet\x64\debug\b3cpunarrowphase.obj
d:\githubfiles\sageengine\s.a.g.e\external\bullet\x64\debug\b3convexutility.obj
d:\githubfiles\sageengine\s.a.g.e\external\bullet\x64\debug\b3overlappingpaircache.obj
d:\githubfiles\sageengine\s.a.g.e\external\bullet\x64\debug\b3dynamicbvhbroadphase.obj
d:\githubfiles\sageengine\s.a.g.e\external\bullet\x64\debug\b3dynamicbvh.obj
d:\githubfiles\sageengine\s.a.g.e\external\bullet\x64\debug\btlinearmathall.obj
d:\githubfiles\sageengine\s.a.g.e\external\bullet\x64\debug\btbulletdynamicsall.obj
d:\githubfiles\sageengine\s.a.g.e\external\bullet\x64\debug\btbulletcollisionall.obj
d:\githubfiles\sageengine\s.a.g.e\external\bullet\x64\debug\b3gpuraycast.obj
d:\githubfiles\sageengine\s.a.g.e\external\bullet\x64\debug\b3radixsort32cl.obj
d:\githubfiles\sageengine\s.a.g.e\external\bullet\x64\debug\b3prefixscanfloat4cl.obj
d:\githubfiles\sageengine\s.a.g.e\external\bullet\x64\debug\b3prefixscancl.obj
d:\githubfiles\sageengine\s.a.g.e\external\bullet\x64\debug\b3launchercl.obj
d:\githubfiles\sageengine\s.a.g.e\external\bullet\x64\debug\b3fillcl.obj
d:\githubfiles\sageengine\s.a.g.e\external\bullet\x64\debug\b3boundsearchcl.obj
d:\githubfiles\sageengine\s.a.g.e\external\bullet\x64\debug\b3voronoisimplexsolver.obj
d:\githubfiles\sageengine\s.a.g.e\external\bullet\x64\debug\b3triangleindexvertexarray.obj
d:\githubfiles\sageengine\s.a.g.e\external\bullet\x64\debug\b3trianglecallback.obj
d:\githubfiles\sageengine\s.a.g.e\external\bullet\x64\debug\b3stridingmeshinterface.obj
d:\githubfiles\sageengine\s.a.g.e\external\bullet\x64\debug\b3quantizedbvh.obj
d:\githubfiles\sageengine\s.a.g.e\external\bullet\x64\debug\b3optimizedbvh.obj
d:\githubfiles\sageengine\s.a.g.e\external\bullet\x64\debug\b3gjkepa.obj
d:\githubfiles\sageengine\s.a.g.e\external\bullet\x64\debug\b3convexhullcontact.obj
d:\githubfiles\sageengine\s.a.g.e\external\bullet\x64\debug\b3contactcache.obj
d:\githubfiles\sageengine\s.a.g.e\external\bullet\x64\debug\b3openclutils.obj
d:\githubfiles\sageengine\s.a.g.e\external\bullet\x64\debug\b3gpusapbroadphase.obj
d:\githubfiles\sageengine\s.a.g.e\external\bullet\x64\debug\b3gpuparallellinearbvhbroadphase.obj
d:\githubfiles\sageengine\s.a.g.e\external\bullet\x64\debug\b3gpuparallellinearbvh.obj
d:\githubfiles\sageengine\s.a.g.e\external\bullet\x64\debug\btquantizedbvh.obj
d:\githubfiles\sageengine\s.a.g.e\external\bullet\x64\debug\btoverlappingpaircache.obj
d:\githubfiles\sageengine\s.a.g.e\external\bullet\x64\debug\btdispatcher.obj
d:\githubfiles\sageengine\s.a.g.e\external\bullet\x64\debug\btdbvtbroadphase.obj
d:\githubfiles\sageengine\s.a.g.e\external\bullet\x64\debug\btdbvt.obj
d:\githubfiles\sageengine\s.a.g.e\external\bullet\x64\debug\btcollisionalgorithm.obj
d:\githubfiles\sageengine\s.a.g.e\external\bullet\x64\debug\btbroadphaseproxy.obj
d:\githubfiles\sageengine\s.a.g.e\external\bullet\x64\debug\btaxissweep3.obj
d:\githubfiles\sageengine\s.a.g.e\external\bullet\x64\debug\b3serializer.obj
d:\githubfiles\sageengine\s.a.g.e\external\bullet\x64\debug\b3file.obj
d:\githubfiles\sageengine\s.a.g.e\external\bullet\x64\debug\b3dna.obj
d:\githubfiles\sageengine\s.a.g.e\external\bullet\x64\debug\b3chunk.obj
d:\githubfiles\sageengine\s.a.g.e\external\bullet\x64\debug\b3bulletfile.obj
d:\githubfiles\sageengine\s.a.g.e\external\bullet\x64\debug\b3solver.obj
d:\githubfiles\sageengine\s.a.g.e\external\bullet\x64\debug\b3gpurigidbodypipeline.obj
d:\githubfiles\sageengine\s.a.g.e\external\bullet\x64\debug\b3gpupgscontactsolver.obj
d:\githubfiles\sageengine\s.a.g.e\external\bullet\x64\debug\b3gpupgsconstraintsolver.obj
d:\githubfiles\sageengine\s.a.g.e\external\bullet\x64\debug\b3gpunarrowphase.obj
d:\githubfiles\sageengine\s.a.g.e\external\bullet\x64\debug\b3gpujacobicontactsolver.obj
d:\githubfiles\sageengine\s.a.g.e\external\bullet\x64\debug\b3gpugenericconstraint.obj
d:\githubfiles\sageengine\s.a.g.e\external\bullet\x64\debug\bthashedsimplepaircache.obj
d:\githubfiles\sageengine\s.a.g.e\external\bullet\x64\debug\btghostobject.obj
d:\githubfiles\sageengine\s.a.g.e\external\bullet\x64\debug\btemptycollisionalgorithm.obj
d:\githubfiles\sageengine\s.a.g.e\external\bullet\x64\debug\btdefaultcollisionconfiguration.obj
d:\githubfiles\sageengine\s.a.g.e\external\bullet\x64\debug\btconvexplanecollisionalgorithm.obj
d:\githubfiles\sageengine\s.a.g.e\external\bullet\x64\debug\btconvexconvexalgorithm.obj
d:\githubfiles\sageengine\s.a.g.e\external\bullet\x64\debug\btconvexconcavecollisionalgorithm.obj
d:\githubfiles\sageengine\s.a.g.e\external\bullet\x64\debug\btconvex2dconvex2dalgorithm.obj
d:\githubfiles\sageengine\s.a.g.e\external\bullet\x64\debug\btcompoundcompoundcollisionalgorithm.obj
d:\githubfiles\sageengine\s.a.g.e\external\bullet\x64\debug\btcompoundcollisionalgorithm.obj
d:\githubfiles\sageengine\s.a.g.e\external\bullet\x64\debug\btcollisionworldimporter.obj
d:\githubfiles\sageengine\s.a.g.e\external\bullet\x64\debug\btcollisionworld.obj
d:\githubfiles\sageengine\s.a.g.e\external\bullet\x64\debug\btcollisionobject.obj
d:\githubfiles\sageengine\s.a.g.e\external\bullet\x64\debug\btcollisiondispatchermt.obj
d:\githubfiles\sageengine\s.a.g.e\external\bullet\x64\debug\btcollisiondispatcher.obj
d:\githubfiles\sageengine\s.a.g.e\external\bullet\x64\debug\btboxboxdetector.obj
d:\githubfiles\sageengine\s.a.g.e\external\bullet\x64\debug\btboxboxcollisionalgorithm.obj
d:\githubfiles\sageengine\s.a.g.e\external\bullet\x64\debug\btbox2dbox2dcollisionalgorithm.obj
d:\githubfiles\sageengine\s.a.g.e\external\bullet\x64\debug\btactivatingcollisionalgorithm.obj
d:\githubfiles\sageengine\s.a.g.e\external\bullet\x64\debug\btsimplebroadphase.obj
d:\githubfiles\sageengine\s.a.g.e\external\bullet\x64\debug\btconvexpointcloudshape.obj
d:\githubfiles\sageengine\s.a.g.e\external\bullet\x64\debug\btconvexinternalshape.obj
d:\githubfiles\sageengine\s.a.g.e\external\bullet\x64\debug\btconvexhullshape.obj
d:\githubfiles\sageengine\s.a.g.e\external\bullet\x64\debug\btconvex2dshape.obj
d:\githubfiles\sageengine\s.a.g.e\external\bullet\x64\debug\btconeshape.obj
d:\githubfiles\sageengine\s.a.g.e\external\bullet\x64\debug\btconcaveshape.obj
d:\githubfiles\sageengine\s.a.g.e\external\bullet\x64\debug\btcompoundshape.obj
d:\githubfiles\sageengine\s.a.g.e\external\bullet\x64\debug\btcollisionshape.obj
d:\githubfiles\sageengine\s.a.g.e\external\bullet\x64\debug\btcapsuleshape.obj
d:\githubfiles\sageengine\s.a.g.e\external\bullet\x64\debug\btbvhtrianglemeshshape.obj
d:\githubfiles\sageengine\s.a.g.e\external\bullet\x64\debug\btboxshape.obj
d:\githubfiles\sageengine\s.a.g.e\external\bullet\x64\debug\btbox2dshape.obj
d:\githubfiles\sageengine\s.a.g.e\external\bullet\x64\debug\spheretriangledetector.obj
d:\githubfiles\sageengine\s.a.g.e\external\bullet\x64\debug\btunionfind.obj
d:\githubfiles\sageengine\s.a.g.e\external\bullet\x64\debug\btspheretrianglecollisionalgorithm.obj
d:\githubfiles\sageengine\s.a.g.e\external\bullet\x64\debug\btspherespherecollisionalgorithm.obj
d:\githubfiles\sageengine\s.a.g.e\external\bullet\x64\debug\btsphereboxcollisionalgorithm.obj
d:\githubfiles\sageengine\s.a.g.e\external\bullet\x64\debug\btsimulationislandmanager.obj
d:\githubfiles\sageengine\s.a.g.e\external\bullet\x64\debug\btmanifoldresult.obj
d:\githubfiles\sageengine\s.a.g.e\external\bullet\x64\debug\btinternaledgeutility.obj
d:\githubfiles\sageengine\s.a.g.e\external\bullet\x64\debug\bttrianglebuffer.obj
d:\githubfiles\sageengine\s.a.g.e\external\bullet\x64\debug\bttetrahedronshape.obj
d:\githubfiles\sageengine\s.a.g.e\external\bullet\x64\debug\btstridingmeshinterface.obj
d:\githubfiles\sageengine\s.a.g.e\external\bullet\x64\debug\btstaticplaneshape.obj
d:\githubfiles\sageengine\s.a.g.e\external\bullet\x64\debug\btsphereshape.obj
d:\githubfiles\sageengine\s.a.g.e\external\bullet\x64\debug\btshapehull.obj
d:\githubfiles\sageengine\s.a.g.e\external\bullet\x64\debug\btsdfcollisionshape.obj
d:\githubfiles\sageengine\s.a.g.e\external\bullet\x64\debug\btscaledbvhtrianglemeshshape.obj
d:\githubfiles\sageengine\s.a.g.e\external\bullet\x64\debug\btpolyhedralconvexshape.obj
d:\githubfiles\sageengine\s.a.g.e\external\bullet\x64\debug\btoptimizedbvh.obj
d:\githubfiles\sageengine\s.a.g.e\external\bullet\x64\debug\btmultisphereshape.obj
d:\githubfiles\sageengine\s.a.g.e\external\bullet\x64\debug\btmultimaterialtrianglemeshshape.obj
d:\githubfiles\sageengine\s.a.g.e\external\bullet\x64\debug\btminkowskisumshape.obj
d:\githubfiles\sageengine\s.a.g.e\external\bullet\x64\debug\btminisdf.obj
d:\githubfiles\sageengine\s.a.g.e\external\bullet\x64\debug\btheightfieldterrainshape.obj
d:\githubfiles\sageengine\s.a.g.e\external\bullet\x64\debug\btemptyshape.obj
d:\githubfiles\sageengine\s.a.g.e\external\bullet\x64\debug\btcylindershape.obj
d:\githubfiles\sageengine\s.a.g.e\external\bullet\x64\debug\btconvextrianglemeshshape.obj
d:\githubfiles\sageengine\s.a.g.e\external\bullet\x64\debug\btconvexshape.obj
d:\githubfiles\sageengine\s.a.g.e\external\bullet\x64\debug\btconvexpolyhedron.obj
d:\githubfiles\sageengine\s.a.g.e\external\bullet\x64\debug\btgjkconvexcast.obj
d:\githubfiles\sageengine\s.a.g.e\external\bullet\x64\debug\btconvexcast.obj
d:\githubfiles\sageengine\s.a.g.e\external\bullet\x64\debug\btcontinuousconvexcollision.obj
d:\githubfiles\sageengine\s.a.g.e\external\bullet\x64\debug\gim_tri_collision.obj
d:\githubfiles\sageengine\s.a.g.e\external\bullet\x64\debug\gim_memory.obj
d:\githubfiles\sageengine\s.a.g.e\external\bullet\x64\debug\gim_contact.obj
d:\githubfiles\sageengine\s.a.g.e\external\bullet\x64\debug\gim_box_set.obj
d:\githubfiles\sageengine\s.a.g.e\external\bullet\x64\debug\bttriangleshapeex.obj
d:\githubfiles\sageengine\s.a.g.e\external\bullet\x64\debug\btgimpactshape.obj
d:\githubfiles\sageengine\s.a.g.e\external\bullet\x64\debug\btgimpactquantizedbvh.obj
d:\githubfiles\sageengine\s.a.g.e\external\bullet\x64\debug\btgimpactcollisionalgorithm.obj
d:\githubfiles\sageengine\s.a.g.e\external\bullet\x64\debug\btgimpactbvh.obj
d:\githubfiles\sageengine\s.a.g.e\external\bullet\x64\debug\btgenericpoolallocator.obj
d:\githubfiles\sageengine\s.a.g.e\external\bullet\x64\debug\btcontactprocessing.obj
d:\githubfiles\sageengine\s.a.g.e\external\bullet\x64\debug\btuniformscalingshape.obj
d:\githubfiles\sageengine\s.a.g.e\external\bullet\x64\debug\bttrianglemeshshape.obj
d:\githubfiles\sageengine\s.a.g.e\external\bullet\x64\debug\bttrianglemesh.obj
d:\githubfiles\sageengine\s.a.g.e\external\bullet\x64\debug\bttriangleindexvertexmaterialarray.obj
d:\githubfiles\sageengine\s.a.g.e\external\bullet\x64\debug\bttriangleindexvertexarray.obj
d:\githubfiles\sageengine\s.a.g.e\external\bullet\x64\debug\bttrianglecallback.obj
d:\githubfiles\sageengine\s.a.g.e\external\bullet\x64\debug\bthingeconstraint.obj
d:\githubfiles\sageengine\s.a.g.e\external\bullet\x64\debug\bthinge2constraint.obj
d:\githubfiles\sageengine\s.a.g.e\external\bullet\x64\debug\btgeneric6dofspringconstraint.obj
d:\githubfiles\sageengine\s.a.g.e\external\bullet\x64\debug\btgeneric6dofspring2constraint.obj
d:\githubfiles\sageengine\s.a.g.e\external\bullet\x64\debug\btgeneric6dofconstraint.obj
d:\githubfiles\sageengine\s.a.g.e\external\bullet\x64\debug\btgearconstraint.obj
d:\githubfiles\sageengine\s.a.g.e\external\bullet\x64\debug\btfixedconstraint.obj
d:\githubfiles\sageengine\s.a.g.e\external\bullet\x64\debug\btcontactconstraint.obj
d:\githubfiles\sageengine\s.a.g.e\external\bullet\x64\debug\btconetwistconstraint.obj
d:\githubfiles\sageengine\s.a.g.e\external\bullet\x64\debug\btbatchedconstraints.obj
d:\githubfiles\sageengine\s.a.g.e\external\bullet\x64\debug\btkinematiccharactercontroller.obj
d:\githubfiles\sageengine\s.a.g.e\external\bullet\x64\debug\btvoronoisimplexsolver.obj
d:\githubfiles\sageengine\s.a.g.e\external\bullet\x64\debug\btsubsimplexconvexcast.obj
d:\githubfiles\sageengine\s.a.g.e\external\bullet\x64\debug\btraycastcallback.obj
d:\githubfiles\sageengine\s.a.g.e\external\bullet\x64\debug\btpolyhedralcontactclipping.obj
d:\githubfiles\sageengine\s.a.g.e\external\bullet\x64\debug\btpersistentmanifold.obj
d:\githubfiles\sageengine\s.a.g.e\external\bullet\x64\debug\btminkowskipenetrationdepthsolver.obj
d:\githubfiles\sageengine\s.a.g.e\external\bullet\x64\debug\btgjkpairdetector.obj
d:\githubfiles\sageengine\s.a.g.e\external\bullet\x64\debug\btgjkepapenetrationdepthsolver.obj
d:\githubfiles\sageengine\s.a.g.e\external\bullet\x64\debug\btgjkepa2.obj
d:\githubfiles\sageengine\s.a.g.e\external\bullet\x64\debug\btmultibodyjointlimitconstraint.obj
d:\githubfiles\sageengine\s.a.g.e\external\bullet\x64\debug\btmultibodygearconstraint.obj
d:\githubfiles\sageengine\s.a.g.e\external\bullet\x64\debug\btmultibodyfixedconstraint.obj
d:\githubfiles\sageengine\s.a.g.e\external\bullet\x64\debug\btmultibodydynamicsworld.obj
d:\githubfiles\sageengine\s.a.g.e\external\bullet\x64\debug\btmultibodyconstraintsolver.obj
d:\githubfiles\sageengine\s.a.g.e\external\bullet\x64\debug\btmultibodyconstraint.obj
d:\githubfiles\sageengine\s.a.g.e\external\bullet\x64\debug\btmultibody.obj
d:\githubfiles\sageengine\s.a.g.e\external\bullet\x64\debug\btsimulationislandmanagermt.obj
d:\githubfiles\sageengine\s.a.g.e\external\bullet\x64\debug\btsimpledynamicsworld.obj
d:\githubfiles\sageengine\s.a.g.e\external\bullet\x64\debug\btrigidbody.obj
d:\githubfiles\sageengine\s.a.g.e\external\bullet\x64\debug\btdiscretedynamicsworldmt.obj
d:\githubfiles\sageengine\s.a.g.e\external\bullet\x64\debug\btdiscretedynamicsworld.obj
d:\githubfiles\sageengine\s.a.g.e\external\bullet\x64\debug\btuniversalconstraint.obj
d:\githubfiles\sageengine\s.a.g.e\external\bullet\x64\debug\bttypedconstraint.obj
d:\githubfiles\sageengine\s.a.g.e\external\bullet\x64\debug\btsolve2linearconstraint.obj
d:\githubfiles\sageengine\s.a.g.e\external\bullet\x64\debug\btsliderconstraint.obj
d:\githubfiles\sageengine\s.a.g.e\external\bullet\x64\debug\btsequentialimpulseconstraintsolvermt.obj
d:\githubfiles\sageengine\s.a.g.e\external\bullet\x64\debug\btsequentialimpulseconstraintsolver.obj
d:\githubfiles\sageengine\s.a.g.e\external\bullet\x64\debug\btpoint2pointconstraint.obj
d:\githubfiles\sageengine\s.a.g.e\external\bullet\x64\debug\btnncgconstraintsolver.obj
d:\githubfiles\sageengine\s.a.g.e\external\bullet\x64\debug\btdeformablecontactprojection.obj
d:\githubfiles\sageengine\s.a.g.e\external\bullet\x64\debug\btdeformablecontactconstraint.obj
d:\githubfiles\sageengine\s.a.g.e\external\bullet\x64\debug\btdeformablebodysolver.obj
d:\githubfiles\sageengine\s.a.g.e\external\bullet\x64\debug\btdeformablebackwardeulerobjective.obj
d:\githubfiles\sageengine\s.a.g.e\external\bullet\x64\debug\btdefaultsoftbodysolver.obj
d:\githubfiles\sageengine\s.a.g.e\external\bullet\x64\debug\multibodytree.obj
d:\githubfiles\sageengine\s.a.g.e\external\bullet\x64\debug\idmath.obj
d:\githubfiles\sageengine\s.a.g.e\external\bullet\x64\debug\multibodytreeinitcache.obj
d:\githubfiles\sageengine\s.a.g.e\external\bullet\x64\debug\multibodytreeimpl.obj
d:\githubfiles\sageengine\s.a.g.e\external\bullet\x64\debug\btwheelinfo.obj
d:\githubfiles\sageengine\s.a.g.e\external\bullet\x64\debug\btraycastvehicle.obj
d:\githubfiles\sageengine\s.a.g.e\external\bullet\x64\debug\btmlcpsolver.obj
d:\githubfiles\sageengine\s.a.g.e\external\bullet\x64\debug\btlemkealgorithm.obj
d:\githubfiles\sageengine\s.a.g.e\external\bullet\x64\debug\btdantziglcp.obj
d:\githubfiles\sageengine\s.a.g.e\external\bullet\x64\debug\btmultibodysphericaljointmotor.obj
d:\githubfiles\sageengine\s.a.g.e\external\bullet\x64\debug\btmultibodysphericaljointlimit.obj
d:\githubfiles\sageengine\s.a.g.e\external\bullet\x64\debug\btmultibodysliderconstraint.obj
d:\githubfiles\sageengine\s.a.g.e\external\bullet\x64\debug\btmultibodypoint2point.obj
d:\githubfiles\sageengine\s.a.g.e\external\bullet\x64\debug\btmultibodymlcpconstraintsolver.obj
d:\githubfiles\sageengine\s.a.g.e\external\bullet\x64\debug\btmultibodyjointmotor.obj
d:\githubfiles\sageengine\s.a.g.e\external\bullet\x64\debug\btpolardecomposition.obj
d:\githubfiles\sageengine\s.a.g.e\external\bullet\x64\debug\btgeometryutil.obj
d:\githubfiles\sageengine\s.a.g.e\external\bullet\x64\debug\btconvexhullcomputer.obj
d:\githubfiles\sageengine\s.a.g.e\external\bullet\x64\debug\btconvexhull.obj
d:\githubfiles\sageengine\s.a.g.e\external\bullet\x64\debug\btalignedallocator.obj
d:\githubfiles\sageengine\s.a.g.e\external\bullet\x64\debug\poly34.obj
d:\githubfiles\sageengine\s.a.g.e\external\bullet\x64\debug\btreduceddeformablecontactconstraint.obj
d:\githubfiles\sageengine\s.a.g.e\external\bullet\x64\debug\btreduceddeformablebodysolver.obj
d:\githubfiles\sageengine\s.a.g.e\external\bullet\x64\debug\btreduceddeformablebodyhelpers.obj
d:\githubfiles\sageengine\s.a.g.e\external\bullet\x64\debug\btreduceddeformablebody.obj
d:\githubfiles\sageengine\s.a.g.e\external\bullet\x64\debug\btsoftsoftcollisionalgorithm.obj
d:\githubfiles\sageengine\s.a.g.e\external\bullet\x64\debug\btsoftrigiddynamicsworld.obj
d:\githubfiles\sageengine\s.a.g.e\external\bullet\x64\debug\btsoftrigidcollisionalgorithm.obj
d:\githubfiles\sageengine\s.a.g.e\external\bullet\x64\debug\btsoftmultibodydynamicsworld.obj
d:\githubfiles\sageengine\s.a.g.e\external\bullet\x64\debug\btsoftbodyrigidbodycollisionconfiguration.obj
d:\githubfiles\sageengine\s.a.g.e\external\bullet\x64\debug\btsoftbodyhelpers.obj
d:\githubfiles\sageengine\s.a.g.e\external\bullet\x64\debug\btsoftbodyconcavecollisionalgorithm.obj
d:\githubfiles\sageengine\s.a.g.e\external\bullet\x64\debug\btsoftbody.obj
d:\githubfiles\sageengine\s.a.g.e\external\bullet\x64\debug\btdeformablemultibodydynamicsworld.obj
d:\githubfiles\sageengine\s.a.g.e\external\bullet\x64\debug\btdeformablemultibodyconstraintsolver.obj
d:\githubfiles\sageengine\s.a.g.e\external\bullet\x64\debug\btthreadsupportwin32.obj
d:\githubfiles\sageengine\s.a.g.e\external\bullet\x64\debug\btthreadsupportposix.obj
d:\githubfiles\sageengine\s.a.g.e\external\bullet\x64\debug\bttaskscheduler.obj
d:\githubfiles\sageengine\s.a.g.e\external\bullet\x64\debug\btvector3.obj
d:\githubfiles\sageengine\s.a.g.e\external\bullet\x64\debug\btthreads.obj
d:\githubfiles\sageengine\s.a.g.e\external\bullet\x64\debug\btserializer64.obj
d:\githubfiles\sageengine\s.a.g.e\external\bullet\x64\debug\btserializer.obj
d:\githubfiles\sageengine\s.a.g.e\external\bullet\x64\debug\btreducedvector.obj
d:\githubfiles\sageengine\s.a.g.e\external\bullet\x64\debug\btquickprof.obj
d:\githubfiles\sageengine\s.a.g.e\external\bullet\x64\debug\clew.obj
d:\githubfiles\sageengine\s.a.g.e\x64\debug\bullet.lib
d:\githubfiles\sageengine\s.a.g.e\external\bullet\x64\debug\bullet.tlog\cl.command.1.tlog
d:\githubfiles\sageengine\s.a.g.e\external\bullet\x64\debug\bullet.tlog\cl.items.tlog
d:\githubfiles\sageengine\s.a.g.e\external\bullet\x64\debug\bullet.tlog\cl.read.1.tlog
d:\githubfiles\sageengine\s.a.g.e\external\bullet\x64\debug\bullet.tlog\cl.write.1.tlog
d:\githubfiles\sageengine\s.a.g.e\external\bullet\x64\debug\bullet.tlog\lib-link.read.1.tlog
d:\githubfiles\sageengine\s.a.g.e\external\bullet\x64\debug\bullet.tlog\lib-link.write.1.tlog
d:\githubfiles\sageengine\s.a.g.e\external\bullet\x64\debug\bullet.tlog\lib.command.1.tlog
