  GameState.cpp
  MutantControllerComponent.cpp
D:\GitHubFiles\SageEngine\S.A.G.E\Apps\DingySpirits\MutantControllerComponent.cpp(30,53): error C2039: 'position': is not a member of 'SAGE::TransformComponent'
      D:\GitHubFiles\SageEngine\S.A.G.E\Engine\SAGE\Inc\TransformComponent.h(13,8):
      see declaration of 'SAGE::TransformComponent'
  
D:\GitHubFiles\SageEngine\S.A.G.E\Apps\DingySpirits\MutantControllerComponent.cpp(30,85): error C2039: 'position': is not a member of 'SAGE::TransformComponent'
      D:\GitHubFiles\SageEngine\S.A.G.E\Engine\SAGE\Inc\TransformComponent.h(13,8):
      see declaration of 'SAGE::TransformComponent'
  
D:\GitHubFiles\SageEngine\S.A.G.E\Apps\DingySpirits\MutantControllerComponent.cpp(42,23): error C2039: 'position': is not a member of 'SAGE::TransformComponent'
      D:\GitHubFiles\SageEngine\S.A.G.E\Engine\SAGE\Inc\TransformComponent.h(13,8):
      see declaration of 'SAGE::TransformComponent'
  
D:\GitHubFiles\SageEngine\S.A.G.E\Apps\DingySpirits\MutantControllerComponent.cpp(45,23): error C2039: 'rotation': is not a member of 'SAGE::TransformComponent'
      D:\GitHubFiles\SageEngine\S.A.G.E\Engine\SAGE\Inc\TransformComponent.h(13,8):
      see declaration of 'SAGE::TransformComponent'
  
  PlayerControllerComponent.cpp
D:\GitHubFiles\SageEngine\S.A.G.E\Apps\DingySpirits\PlayerControllerComponent.cpp(44,23): error C2039: 'position': is not a member of 'SAGE::TransformComponent'
      D:\GitHubFiles\SageEngine\S.A.G.E\Engine\SAGE\Inc\TransformComponent.h(13,8):
      see declaration of 'SAGE::TransformComponent'
  
D:\GitHubFiles\SageEngine\S.A.G.E\Apps\DingySpirits\PlayerControllerComponent.cpp(51,24): error C2039: 'rotation': is not a member of 'SAGE::TransformComponent'
      D:\GitHubFiles\SageEngine\S.A.G.E\Engine\SAGE\Inc\TransformComponent.h(13,8):
      see declaration of 'SAGE::TransformComponent'
  
D:\GitHubFiles\SageEngine\S.A.G.E\Apps\DingySpirits\PlayerControllerComponent.cpp(51,56): error C2039: 'rotation': is not a member of 'SAGE::TransformComponent'
      D:\GitHubFiles\SageEngine\S.A.G.E\Engine\SAGE\Inc\TransformComponent.h(13,8):
      see declaration of 'SAGE::TransformComponent'
  
  WinMain.cpp
  Generating Code...
