  GameState.cpp
D:\GitHubFiles\SageEngine\S.A.G.E\Engine\SAGE\Inc\RBPhysicsService.h(19,9): error C3083: 'RBPhysics': the symbol to the left of a '::' must be a type
  (compiling source file '../../Apps/Nonogram/GameState.cpp')
  
D:\GitHubFiles\SageEngine\S.A.G.E\Engine\SAGE\Inc\RBPhysicsService.h(19,20): error C2039: 'PhysicsWorld': is not a member of 'SAGE'
  (compiling source file '../../Apps/Nonogram/GameState.cpp')
      D:\GitHubFiles\SageEngine\S.A.G.E\Engine\SAGE\Inc\RBPhysicsService.h(5,11):
      see declaration of 'SAGE'
  
D:\GitHubFiles\SageEngine\S.A.G.E\Engine\SAGE\Inc\RBPhysicsService.h(19,33): error C3646: 'mPhysicsWorld': unknown override specifier
  (compiling source file '../../Apps/Nonogram/GameState.cpp')
  
D:\GitHubFiles\SageEngine\S.A.G.E\Engine\SAGE\Inc\RBPhysicsService.h(19,46): error C4430: missing type specifier - int assumed. Note: C++ does not support default-int
  (compiling source file '../../Apps/Nonogram/GameState.cpp')
  
  WinMain.cpp
D:\GitHubFiles\SageEngine\S.A.G.E\Engine\SAGE\Inc\RBPhysicsService.h(19,9): error C3083: 'RBPhysics': the symbol to the left of a '::' must be a type
  (compiling source file '../../Apps/Nonogram/WinMain.cpp')
  
D:\GitHubFiles\SageEngine\S.A.G.E\Engine\SAGE\Inc\RBPhysicsService.h(19,20): error C2039: 'PhysicsWorld': is not a member of 'SAGE'
  (compiling source file '../../Apps/Nonogram/WinMain.cpp')
      D:\GitHubFiles\SageEngine\S.A.G.E\Engine\SAGE\Inc\RBPhysicsService.h(5,11):
      see declaration of 'SAGE'
  
D:\GitHubFiles\SageEngine\S.A.G.E\Engine\SAGE\Inc\RBPhysicsService.h(19,33): error C3646: 'mPhysicsWorld': unknown override specifier
  (compiling source file '../../Apps/Nonogram/WinMain.cpp')
  
D:\GitHubFiles\SageEngine\S.A.G.E\Engine\SAGE\Inc\RBPhysicsService.h(19,46): error C4430: missing type specifier - int assumed. Note: C++ does not support default-int
  (compiling source file '../../Apps/Nonogram/WinMain.cpp')
  
  Generating Code...
