assimp-vc143-mtd.lib(Importer.obj) : warning LNK4099: PDB 'assimp-vc143-mtd.pdb' was not found with 'assimp-vc143-mtd.lib(Importer.obj)' or at 'D:\GitHubFiles\SageEngine\S.A.G.E\x64\Debug\assimp-vc143-mtd.pdb'; linking object as if no debug info
assimp-vc143-mtd.lib(MaterialSystem.obj) : warning LNK4099: PDB 'assimp-vc143-mtd.pdb' was not found with 'assimp-vc143-mtd.lib(MaterialSystem.obj)' or at 'D:\GitHubFiles\SageEngine\S.A.G.E\x64\Debug\assimp-vc143-mtd.pdb'; linking object as if no debug info
assimp-vc143-mtd.lib(Version.obj) : warning LNK4099: PDB 'assimp-vc143-mtd.pdb' was not found with 'assimp-vc143-mtd.lib(Version.obj)' or at 'D:\GitHubFiles\SageEngine\S.A.G.E\x64\Debug\assimp-vc143-mtd.pdb'; linking object as if no debug info
assimp-vc143-mtd.lib(BaseProcess.obj) : warning LNK4099: PDB 'assimp-vc143-mtd.pdb' was not found with 'assimp-vc143-mtd.lib(BaseProcess.obj)' or at 'D:\GitHubFiles\SageEngine\S.A.G.E\x64\Debug\assimp-vc143-mtd.pdb'; linking object as if no debug info
assimp-vc143-mtd.lib(DefaultLogger.obj) : warning LNK4099: PDB 'assimp-vc143-mtd.pdb' was not found with 'assimp-vc143-mtd.lib(DefaultLogger.obj)' or at 'D:\GitHubFiles\SageEngine\S.A.G.E\x64\Debug\assimp-vc143-mtd.pdb'; linking object as if no debug info
assimp-vc143-mtd.lib(scene.obj) : warning LNK4099: PDB 'assimp-vc143-mtd.pdb' was not found with 'assimp-vc143-mtd.lib(scene.obj)' or at 'D:\GitHubFiles\SageEngine\S.A.G.E\x64\Debug\assimp-vc143-mtd.pdb'; linking object as if no debug info
assimp-vc143-mtd.lib(ScenePreprocessor.obj) : warning LNK4099: PDB 'assimp-vc143-mtd.pdb' was not found with 'assimp-vc143-mtd.lib(ScenePreprocessor.obj)' or at 'D:\GitHubFiles\SageEngine\S.A.G.E\x64\Debug\assimp-vc143-mtd.pdb'; linking object as if no debug info
assimp-vc143-mtd.lib(DefaultIOStream.obj) : warning LNK4099: PDB 'assimp-vc143-mtd.pdb' was not found with 'assimp-vc143-mtd.lib(DefaultIOStream.obj)' or at 'D:\GitHubFiles\SageEngine\S.A.G.E\x64\Debug\assimp-vc143-mtd.pdb'; linking object as if no debug info
assimp-vc143-mtd.lib(BaseImporter.obj) : warning LNK4099: PDB 'assimp-vc143-mtd.pdb' was not found with 'assimp-vc143-mtd.lib(BaseImporter.obj)' or at 'D:\GitHubFiles\SageEngine\S.A.G.E\x64\Debug\assimp-vc143-mtd.pdb'; linking object as if no debug info
assimp-vc143-mtd.lib(DefaultIOSystem.obj) : warning LNK4099: PDB 'assimp-vc143-mtd.pdb' was not found with 'assimp-vc143-mtd.lib(DefaultIOSystem.obj)' or at 'D:\GitHubFiles\SageEngine\S.A.G.E\x64\Debug\assimp-vc143-mtd.pdb'; linking object as if no debug info
assimp-vc143-mtd.lib(ValidateDataStructure.obj) : warning LNK4099: PDB 'assimp-vc143-mtd.pdb' was not found with 'assimp-vc143-mtd.lib(ValidateDataStructure.obj)' or at 'D:\GitHubFiles\SageEngine\S.A.G.E\x64\Debug\assimp-vc143-mtd.pdb'; linking object as if no debug info
assimp-vc143-mtd.lib(ImporterRegistry.obj) : warning LNK4099: PDB 'assimp-vc143-mtd.pdb' was not found with 'assimp-vc143-mtd.lib(ImporterRegistry.obj)' or at 'D:\GitHubFiles\SageEngine\S.A.G.E\x64\Debug\assimp-vc143-mtd.pdb'; linking object as if no debug info
assimp-vc143-mtd.lib(PostStepRegistry.obj) : warning LNK4099: PDB 'assimp-vc143-mtd.pdb' was not found with 'assimp-vc143-mtd.lib(PostStepRegistry.obj)' or at 'D:\GitHubFiles\SageEngine\S.A.G.E\x64\Debug\assimp-vc143-mtd.pdb'; linking object as if no debug info
assimp-vc143-mtd.lib(ProcessHelper.obj) : warning LNK4099: PDB 'assimp-vc143-mtd.pdb' was not found with 'assimp-vc143-mtd.lib(ProcessHelper.obj)' or at 'D:\GitHubFiles\SageEngine\S.A.G.E\x64\Debug\assimp-vc143-mtd.pdb'; linking object as if no debug info
assimp-vc143-mtd.lib(XFileImporter.obj) : warning LNK4099: PDB 'assimp-vc143-mtd.pdb' was not found with 'assimp-vc143-mtd.lib(XFileImporter.obj)' or at 'D:\GitHubFiles\SageEngine\S.A.G.E\x64\Debug\assimp-vc143-mtd.pdb'; linking object as if no debug info
assimp-vc143-mtd.lib(AMFImporter.obj) : warning LNK4099: PDB 'assimp-vc143-mtd.pdb' was not found with 'assimp-vc143-mtd.lib(AMFImporter.obj)' or at 'D:\GitHubFiles\SageEngine\S.A.G.E\x64\Debug\assimp-vc143-mtd.pdb'; linking object as if no debug info
assimp-vc143-mtd.lib(3DSLoader.obj) : warning LNK4099: PDB 'assimp-vc143-mtd.pdb' was not found with 'assimp-vc143-mtd.lib(3DSLoader.obj)' or at 'D:\GitHubFiles\SageEngine\S.A.G.E\x64\Debug\assimp-vc143-mtd.pdb'; linking object as if no debug info
assimp-vc143-mtd.lib(MD3Loader.obj) : warning LNK4099: PDB 'assimp-vc143-mtd.pdb' was not found with 'assimp-vc143-mtd.lib(MD3Loader.obj)' or at 'D:\GitHubFiles\SageEngine\S.A.G.E\x64\Debug\assimp-vc143-mtd.pdb'; linking object as if no debug info
assimp-vc143-mtd.lib(MDLLoader.obj) : warning LNK4099: PDB 'assimp-vc143-mtd.pdb' was not found with 'assimp-vc143-mtd.lib(MDLLoader.obj)' or at 'D:\GitHubFiles\SageEngine\S.A.G.E\x64\Debug\assimp-vc143-mtd.pdb'; linking object as if no debug info
assimp-vc143-mtd.lib(MD2Loader.obj) : warning LNK4099: PDB 'assimp-vc143-mtd.pdb' was not found with 'assimp-vc143-mtd.lib(MD2Loader.obj)' or at 'D:\GitHubFiles\SageEngine\S.A.G.E\x64\Debug\assimp-vc143-mtd.pdb'; linking object as if no debug info
assimp-vc143-mtd.lib(PlyLoader.obj) : warning LNK4099: PDB 'assimp-vc143-mtd.pdb' was not found with 'assimp-vc143-mtd.lib(PlyLoader.obj)' or at 'D:\GitHubFiles\SageEngine\S.A.G.E\x64\Debug\assimp-vc143-mtd.pdb'; linking object as if no debug info
assimp-vc143-mtd.lib(ASELoader.obj) : warning LNK4099: PDB 'assimp-vc143-mtd.pdb' was not found with 'assimp-vc143-mtd.lib(ASELoader.obj)' or at 'D:\GitHubFiles\SageEngine\S.A.G.E\x64\Debug\assimp-vc143-mtd.pdb'; linking object as if no debug info
assimp-vc143-mtd.lib(ObjFileImporter.obj) : warning LNK4099: PDB 'assimp-vc143-mtd.pdb' was not found with 'assimp-vc143-mtd.lib(ObjFileImporter.obj)' or at 'D:\GitHubFiles\SageEngine\S.A.G.E\x64\Debug\assimp-vc143-mtd.pdb'; linking object as if no debug info
assimp-vc143-mtd.lib(HMPLoader.obj) : warning LNK4099: PDB 'assimp-vc143-mtd.pdb' was not found with 'assimp-vc143-mtd.lib(HMPLoader.obj)' or at 'D:\GitHubFiles\SageEngine\S.A.G.E\x64\Debug\assimp-vc143-mtd.pdb'; linking object as if no debug info
assimp-vc143-mtd.lib(SMDLoader.obj) : warning LNK4099: PDB 'assimp-vc143-mtd.pdb' was not found with 'assimp-vc143-mtd.lib(SMDLoader.obj)' or at 'D:\GitHubFiles\SageEngine\S.A.G.E\x64\Debug\assimp-vc143-mtd.pdb'; linking object as if no debug info
assimp-vc143-mtd.lib(MDCLoader.obj) : warning LNK4099: PDB 'assimp-vc143-mtd.pdb' was not found with 'assimp-vc143-mtd.lib(MDCLoader.obj)' or at 'D:\GitHubFiles\SageEngine\S.A.G.E\x64\Debug\assimp-vc143-mtd.pdb'; linking object as if no debug info
assimp-vc143-mtd.lib(MD5Loader.obj) : warning LNK4099: PDB 'assimp-vc143-mtd.pdb' was not found with 'assimp-vc143-mtd.lib(MD5Loader.obj)' or at 'D:\GitHubFiles\SageEngine\S.A.G.E\x64\Debug\assimp-vc143-mtd.pdb'; linking object as if no debug info
assimp-vc143-mtd.lib(STLLoader.obj) : warning LNK4099: PDB 'assimp-vc143-mtd.pdb' was not found with 'assimp-vc143-mtd.lib(STLLoader.obj)' or at 'D:\GitHubFiles\SageEngine\S.A.G.E\x64\Debug\assimp-vc143-mtd.pdb'; linking object as if no debug info
assimp-vc143-mtd.lib(LWOLoader.obj) : warning LNK4099: PDB 'assimp-vc143-mtd.pdb' was not found with 'assimp-vc143-mtd.lib(LWOLoader.obj)' or at 'D:\GitHubFiles\SageEngine\S.A.G.E\x64\Debug\assimp-vc143-mtd.pdb'; linking object as if no debug info
assimp-vc143-mtd.lib(DXFLoader.obj) : warning LNK4099: PDB 'assimp-vc143-mtd.pdb' was not found with 'assimp-vc143-mtd.lib(DXFLoader.obj)' or at 'D:\GitHubFiles\SageEngine\S.A.G.E\x64\Debug\assimp-vc143-mtd.pdb'; linking object as if no debug info
assimp-vc143-mtd.lib(NFFLoader.obj) : warning LNK4099: PDB 'assimp-vc143-mtd.pdb' was not found with 'assimp-vc143-mtd.lib(NFFLoader.obj)' or at 'D:\GitHubFiles\SageEngine\S.A.G.E\x64\Debug\assimp-vc143-mtd.pdb'; linking object as if no debug info
assimp-vc143-mtd.lib(RawLoader.obj) : warning LNK4099: PDB 'assimp-vc143-mtd.pdb' was not found with 'assimp-vc143-mtd.lib(RawLoader.obj)' or at 'D:\GitHubFiles\SageEngine\S.A.G.E\x64\Debug\assimp-vc143-mtd.pdb'; linking object as if no debug info
assimp-vc143-mtd.lib(SIBImporter.obj) : warning LNK4099: PDB 'assimp-vc143-mtd.pdb' was not found with 'assimp-vc143-mtd.lib(SIBImporter.obj)' or at 'D:\GitHubFiles\SageEngine\S.A.G.E\x64\Debug\assimp-vc143-mtd.pdb'; linking object as if no debug info
assimp-vc143-mtd.lib(OFFLoader.obj) : warning LNK4099: PDB 'assimp-vc143-mtd.pdb' was not found with 'assimp-vc143-mtd.lib(OFFLoader.obj)' or at 'D:\GitHubFiles\SageEngine\S.A.G.E\x64\Debug\assimp-vc143-mtd.pdb'; linking object as if no debug info
assimp-vc143-mtd.lib(ACLoader.obj) : warning LNK4099: PDB 'assimp-vc143-mtd.pdb' was not found with 'assimp-vc143-mtd.lib(ACLoader.obj)' or at 'D:\GitHubFiles\SageEngine\S.A.G.E\x64\Debug\assimp-vc143-mtd.pdb'; linking object as if no debug info
assimp-vc143-mtd.lib(BVHLoader.obj) : warning LNK4099: PDB 'assimp-vc143-mtd.pdb' was not found with 'assimp-vc143-mtd.lib(BVHLoader.obj)' or at 'D:\GitHubFiles\SageEngine\S.A.G.E\x64\Debug\assimp-vc143-mtd.pdb'; linking object as if no debug info
assimp-vc143-mtd.lib(IRRMeshLoader.obj) : warning LNK4099: PDB 'assimp-vc143-mtd.pdb' was not found with 'assimp-vc143-mtd.lib(IRRMeshLoader.obj)' or at 'D:\GitHubFiles\SageEngine\S.A.G.E\x64\Debug\assimp-vc143-mtd.pdb'; linking object as if no debug info
assimp-vc143-mtd.lib(IRRLoader.obj) : warning LNK4099: PDB 'assimp-vc143-mtd.pdb' was not found with 'assimp-vc143-mtd.lib(IRRLoader.obj)' or at 'D:\GitHubFiles\SageEngine\S.A.G.E\x64\Debug\assimp-vc143-mtd.pdb'; linking object as if no debug info
assimp-vc143-mtd.lib(Q3DLoader.obj) : warning LNK4099: PDB 'assimp-vc143-mtd.pdb' was not found with 'assimp-vc143-mtd.lib(Q3DLoader.obj)' or at 'D:\GitHubFiles\SageEngine\S.A.G.E\x64\Debug\assimp-vc143-mtd.pdb'; linking object as if no debug info
assimp-vc143-mtd.lib(B3DImporter.obj) : warning LNK4099: PDB 'assimp-vc143-mtd.pdb' was not found with 'assimp-vc143-mtd.lib(B3DImporter.obj)' or at 'D:\GitHubFiles\SageEngine\S.A.G.E\x64\Debug\assimp-vc143-mtd.pdb'; linking object as if no debug info
assimp-vc143-mtd.lib(ColladaLoader.obj) : warning LNK4099: PDB 'assimp-vc143-mtd.pdb' was not found with 'assimp-vc143-mtd.lib(ColladaLoader.obj)' or at 'D:\GitHubFiles\SageEngine\S.A.G.E\x64\Debug\assimp-vc143-mtd.pdb'; linking object as if no debug info
assimp-vc143-mtd.lib(TerragenLoader.obj) : warning LNK4099: PDB 'assimp-vc143-mtd.pdb' was not found with 'assimp-vc143-mtd.lib(TerragenLoader.obj)' or at 'D:\GitHubFiles\SageEngine\S.A.G.E\x64\Debug\assimp-vc143-mtd.pdb'; linking object as if no debug info
assimp-vc143-mtd.lib(CSMLoader.obj) : warning LNK4099: PDB 'assimp-vc143-mtd.pdb' was not found with 'assimp-vc143-mtd.lib(CSMLoader.obj)' or at 'D:\GitHubFiles\SageEngine\S.A.G.E\x64\Debug\assimp-vc143-mtd.pdb'; linking object as if no debug info
assimp-vc143-mtd.lib(UnrealLoader.obj) : warning LNK4099: PDB 'assimp-vc143-mtd.pdb' was not found with 'assimp-vc143-mtd.lib(UnrealLoader.obj)' or at 'D:\GitHubFiles\SageEngine\S.A.G.E\x64\Debug\assimp-vc143-mtd.pdb'; linking object as if no debug info
assimp-vc143-mtd.lib(LWSLoader.obj) : warning LNK4099: PDB 'assimp-vc143-mtd.pdb' was not found with 'assimp-vc143-mtd.lib(LWSLoader.obj)' or at 'D:\GitHubFiles\SageEngine\S.A.G.E\x64\Debug\assimp-vc143-mtd.pdb'; linking object as if no debug info
assimp-vc143-mtd.lib(OgreImporter.obj) : warning LNK4099: PDB 'assimp-vc143-mtd.pdb' was not found with 'assimp-vc143-mtd.lib(OgreImporter.obj)' or at 'D:\GitHubFiles\SageEngine\S.A.G.E\x64\Debug\assimp-vc143-mtd.pdb'; linking object as if no debug info
assimp-vc143-mtd.lib(OpenGEXImporter.obj) : warning LNK4099: PDB 'assimp-vc143-mtd.pdb' was not found with 'assimp-vc143-mtd.lib(OpenGEXImporter.obj)' or at 'D:\GitHubFiles\SageEngine\S.A.G.E\x64\Debug\assimp-vc143-mtd.pdb'; linking object as if no debug info
assimp-vc143-mtd.lib(MS3DLoader.obj) : warning LNK4099: PDB 'assimp-vc143-mtd.pdb' was not found with 'assimp-vc143-mtd.lib(MS3DLoader.obj)' or at 'D:\GitHubFiles\SageEngine\S.A.G.E\x64\Debug\assimp-vc143-mtd.pdb'; linking object as if no debug info
assimp-vc143-mtd.lib(COBLoader.obj) : warning LNK4099: PDB 'assimp-vc143-mtd.pdb' was not found with 'assimp-vc143-mtd.lib(COBLoader.obj)' or at 'D:\GitHubFiles\SageEngine\S.A.G.E\x64\Debug\assimp-vc143-mtd.pdb'; linking object as if no debug info
assimp-vc143-mtd.lib(BlenderLoader.obj) : warning LNK4099: PDB 'assimp-vc143-mtd.pdb' was not found with 'assimp-vc143-mtd.lib(BlenderLoader.obj)' or at 'D:\GitHubFiles\SageEngine\S.A.G.E\x64\Debug\assimp-vc143-mtd.pdb'; linking object as if no debug info
assimp-vc143-mtd.lib(Q3BSPFileImporter.obj) : warning LNK4099: PDB 'assimp-vc143-mtd.pdb' was not found with 'assimp-vc143-mtd.lib(Q3BSPFileImporter.obj)' or at 'D:\GitHubFiles\SageEngine\S.A.G.E\x64\Debug\assimp-vc143-mtd.pdb'; linking object as if no debug info
assimp-vc143-mtd.lib(NDOLoader.obj) : warning LNK4099: PDB 'assimp-vc143-mtd.pdb' was not found with 'assimp-vc143-mtd.lib(NDOLoader.obj)' or at 'D:\GitHubFiles\SageEngine\S.A.G.E\x64\Debug\assimp-vc143-mtd.pdb'; linking object as if no debug info
assimp-vc143-mtd.lib(IFCLoader.obj) : warning LNK4099: PDB 'assimp-vc143-mtd.pdb' was not found with 'assimp-vc143-mtd.lib(IFCLoader.obj)' or at 'D:\GitHubFiles\SageEngine\S.A.G.E\x64\Debug\assimp-vc143-mtd.pdb'; linking object as if no debug info
assimp-vc143-mtd.lib(XGLLoader.obj) : warning LNK4099: PDB 'assimp-vc143-mtd.pdb' was not found with 'assimp-vc143-mtd.lib(XGLLoader.obj)' or at 'D:\GitHubFiles\SageEngine\S.A.G.E\x64\Debug\assimp-vc143-mtd.pdb'; linking object as if no debug info
assimp-vc143-mtd.lib(FBXImporter.obj) : warning LNK4099: PDB 'assimp-vc143-mtd.pdb' was not found with 'assimp-vc143-mtd.lib(FBXImporter.obj)' or at 'D:\GitHubFiles\SageEngine\S.A.G.E\x64\Debug\assimp-vc143-mtd.pdb'; linking object as if no debug info
assimp-vc143-mtd.lib(AssbinLoader.obj) : warning LNK4099: PDB 'assimp-vc143-mtd.pdb' was not found with 'assimp-vc143-mtd.lib(AssbinLoader.obj)' or at 'D:\GitHubFiles\SageEngine\S.A.G.E\x64\Debug\assimp-vc143-mtd.pdb'; linking object as if no debug info
assimp-vc143-mtd.lib(glTFImporter.obj) : warning LNK4099: PDB 'assimp-vc143-mtd.pdb' was not found with 'assimp-vc143-mtd.lib(glTFImporter.obj)' or at 'D:\GitHubFiles\SageEngine\S.A.G.E\x64\Debug\assimp-vc143-mtd.pdb'; linking object as if no debug info
assimp-vc143-mtd.lib(glTF2Importer.obj) : warning LNK4099: PDB 'assimp-vc143-mtd.pdb' was not found with 'assimp-vc143-mtd.lib(glTF2Importer.obj)' or at 'D:\GitHubFiles\SageEngine\S.A.G.E\x64\Debug\assimp-vc143-mtd.pdb'; linking object as if no debug info
assimp-vc143-mtd.lib(D3MFImporter.obj) : warning LNK4099: PDB 'assimp-vc143-mtd.pdb' was not found with 'assimp-vc143-mtd.lib(D3MFImporter.obj)' or at 'D:\GitHubFiles\SageEngine\S.A.G.E\x64\Debug\assimp-vc143-mtd.pdb'; linking object as if no debug info
assimp-vc143-mtd.lib(X3DImporter.obj) : warning LNK4099: PDB 'assimp-vc143-mtd.pdb' was not found with 'assimp-vc143-mtd.lib(X3DImporter.obj)' or at 'D:\GitHubFiles\SageEngine\S.A.G.E\x64\Debug\assimp-vc143-mtd.pdb'; linking object as if no debug info
assimp-vc143-mtd.lib(MMDImporter.obj) : warning LNK4099: PDB 'assimp-vc143-mtd.pdb' was not found with 'assimp-vc143-mtd.lib(MMDImporter.obj)' or at 'D:\GitHubFiles\SageEngine\S.A.G.E\x64\Debug\assimp-vc143-mtd.pdb'; linking object as if no debug info
assimp-vc143-mtd.lib(StepFileImporter.obj) : warning LNK4099: PDB 'assimp-vc143-mtd.pdb' was not found with 'assimp-vc143-mtd.lib(StepFileImporter.obj)' or at 'D:\GitHubFiles\SageEngine\S.A.G.E\x64\Debug\assimp-vc143-mtd.pdb'; linking object as if no debug info
assimp-vc143-mtd.lib(SpatialSort.obj) : warning LNK4099: PDB 'assimp-vc143-mtd.pdb' was not found with 'assimp-vc143-mtd.lib(SpatialSort.obj)' or at 'D:\GitHubFiles\SageEngine\S.A.G.E\x64\Debug\assimp-vc143-mtd.pdb'; linking object as if no debug info
assimp-vc143-mtd.lib(CalcTangentsProcess.obj) : warning LNK4099: PDB 'assimp-vc143-mtd.pdb' was not found with 'assimp-vc143-mtd.lib(CalcTangentsProcess.obj)' or at 'D:\GitHubFiles\SageEngine\S.A.G.E\x64\Debug\assimp-vc143-mtd.pdb'; linking object as if no debug info
assimp-vc143-mtd.lib(JoinVerticesProcess.obj) : warning LNK4099: PDB 'assimp-vc143-mtd.pdb' was not found with 'assimp-vc143-mtd.lib(JoinVerticesProcess.obj)' or at 'D:\GitHubFiles\SageEngine\S.A.G.E\x64\Debug\assimp-vc143-mtd.pdb'; linking object as if no debug info
assimp-vc143-mtd.lib(ConvertToLHProcess.obj) : warning LNK4099: PDB 'assimp-vc143-mtd.pdb' was not found with 'assimp-vc143-mtd.lib(ConvertToLHProcess.obj)' or at 'D:\GitHubFiles\SageEngine\S.A.G.E\x64\Debug\assimp-vc143-mtd.pdb'; linking object as if no debug info
assimp-vc143-mtd.lib(TriangulateProcess.obj) : warning LNK4099: PDB 'assimp-vc143-mtd.pdb' was not found with 'assimp-vc143-mtd.lib(TriangulateProcess.obj)' or at 'D:\GitHubFiles\SageEngine\S.A.G.E\x64\Debug\assimp-vc143-mtd.pdb'; linking object as if no debug info
assimp-vc143-mtd.lib(DropFaceNormalsProcess.obj) : warning LNK4099: PDB 'assimp-vc143-mtd.pdb' was not found with 'assimp-vc143-mtd.lib(DropFaceNormalsProcess.obj)' or at 'D:\GitHubFiles\SageEngine\S.A.G.E\x64\Debug\assimp-vc143-mtd.pdb'; linking object as if no debug info
assimp-vc143-mtd.lib(GenFaceNormalsProcess.obj) : warning LNK4099: PDB 'assimp-vc143-mtd.pdb' was not found with 'assimp-vc143-mtd.lib(GenFaceNormalsProcess.obj)' or at 'D:\GitHubFiles\SageEngine\S.A.G.E\x64\Debug\assimp-vc143-mtd.pdb'; linking object as if no debug info
assimp-vc143-mtd.lib(GenVertexNormalsProcess.obj) : warning LNK4099: PDB 'assimp-vc143-mtd.pdb' was not found with 'assimp-vc143-mtd.lib(GenVertexNormalsProcess.obj)' or at 'D:\GitHubFiles\SageEngine\S.A.G.E\x64\Debug\assimp-vc143-mtd.pdb'; linking object as if no debug info
assimp-vc143-mtd.lib(RemoveVCProcess.obj) : warning LNK4099: PDB 'assimp-vc143-mtd.pdb' was not found with 'assimp-vc143-mtd.lib(RemoveVCProcess.obj)' or at 'D:\GitHubFiles\SageEngine\S.A.G.E\x64\Debug\assimp-vc143-mtd.pdb'; linking object as if no debug info
assimp-vc143-mtd.lib(SplitLargeMeshes.obj) : warning LNK4099: PDB 'assimp-vc143-mtd.pdb' was not found with 'assimp-vc143-mtd.lib(SplitLargeMeshes.obj)' or at 'D:\GitHubFiles\SageEngine\S.A.G.E\x64\Debug\assimp-vc143-mtd.pdb'; linking object as if no debug info
assimp-vc143-mtd.lib(PretransformVertices.obj) : warning LNK4099: PDB 'assimp-vc143-mtd.pdb' was not found with 'assimp-vc143-mtd.lib(PretransformVertices.obj)' or at 'D:\GitHubFiles\SageEngine\S.A.G.E\x64\Debug\assimp-vc143-mtd.pdb'; linking object as if no debug info
assimp-vc143-mtd.lib(LimitBoneWeightsProcess.obj) : warning LNK4099: PDB 'assimp-vc143-mtd.pdb' was not found with 'assimp-vc143-mtd.lib(LimitBoneWeightsProcess.obj)' or at 'D:\GitHubFiles\SageEngine\S.A.G.E\x64\Debug\assimp-vc143-mtd.pdb'; linking object as if no debug info
assimp-vc143-mtd.lib(ImproveCacheLocality.obj) : warning LNK4099: PDB 'assimp-vc143-mtd.pdb' was not found with 'assimp-vc143-mtd.lib(ImproveCacheLocality.obj)' or at 'D:\GitHubFiles\SageEngine\S.A.G.E\x64\Debug\assimp-vc143-mtd.pdb'; linking object as if no debug info
assimp-vc143-mtd.lib(FixNormalsStep.obj) : warning LNK4099: PDB 'assimp-vc143-mtd.pdb' was not found with 'assimp-vc143-mtd.lib(FixNormalsStep.obj)' or at 'D:\GitHubFiles\SageEngine\S.A.G.E\x64\Debug\assimp-vc143-mtd.pdb'; linking object as if no debug info
assimp-vc143-mtd.lib(RemoveRedundantMaterials.obj) : warning LNK4099: PDB 'assimp-vc143-mtd.pdb' was not found with 'assimp-vc143-mtd.lib(RemoveRedundantMaterials.obj)' or at 'D:\GitHubFiles\SageEngine\S.A.G.E\x64\Debug\assimp-vc143-mtd.pdb'; linking object as if no debug info
assimp-vc143-mtd.lib(EmbedTexturesProcess.obj) : warning LNK4099: PDB 'assimp-vc143-mtd.pdb' was not found with 'assimp-vc143-mtd.lib(EmbedTexturesProcess.obj)' or at 'D:\GitHubFiles\SageEngine\S.A.G.E\x64\Debug\assimp-vc143-mtd.pdb'; linking object as if no debug info
assimp-vc143-mtd.lib(FindInvalidDataProcess.obj) : warning LNK4099: PDB 'assimp-vc143-mtd.pdb' was not found with 'assimp-vc143-mtd.lib(FindInvalidDataProcess.obj)' or at 'D:\GitHubFiles\SageEngine\S.A.G.E\x64\Debug\assimp-vc143-mtd.pdb'; linking object as if no debug info
assimp-vc143-mtd.lib(FindDegenerates.obj) : warning LNK4099: PDB 'assimp-vc143-mtd.pdb' was not found with 'assimp-vc143-mtd.lib(FindDegenerates.obj)' or at 'D:\GitHubFiles\SageEngine\S.A.G.E\x64\Debug\assimp-vc143-mtd.pdb'; linking object as if no debug info
assimp-vc143-mtd.lib(SortByPTypeProcess.obj) : warning LNK4099: PDB 'assimp-vc143-mtd.pdb' was not found with 'assimp-vc143-mtd.lib(SortByPTypeProcess.obj)' or at 'D:\GitHubFiles\SageEngine\S.A.G.E\x64\Debug\assimp-vc143-mtd.pdb'; linking object as if no debug info
assimp-vc143-mtd.lib(ComputeUVMappingProcess.obj) : warning LNK4099: PDB 'assimp-vc143-mtd.pdb' was not found with 'assimp-vc143-mtd.lib(ComputeUVMappingProcess.obj)' or at 'D:\GitHubFiles\SageEngine\S.A.G.E\x64\Debug\assimp-vc143-mtd.pdb'; linking object as if no debug info
assimp-vc143-mtd.lib(TextureTransform.obj) : warning LNK4099: PDB 'assimp-vc143-mtd.pdb' was not found with 'assimp-vc143-mtd.lib(TextureTransform.obj)' or at 'D:\GitHubFiles\SageEngine\S.A.G.E\x64\Debug\assimp-vc143-mtd.pdb'; linking object as if no debug info
assimp-vc143-mtd.lib(FindInstancesProcess.obj) : warning LNK4099: PDB 'assimp-vc143-mtd.pdb' was not found with 'assimp-vc143-mtd.lib(FindInstancesProcess.obj)' or at 'D:\GitHubFiles\SageEngine\S.A.G.E\x64\Debug\assimp-vc143-mtd.pdb'; linking object as if no debug info
assimp-vc143-mtd.lib(OptimizeMeshes.obj) : warning LNK4099: PDB 'assimp-vc143-mtd.pdb' was not found with 'assimp-vc143-mtd.lib(OptimizeMeshes.obj)' or at 'D:\GitHubFiles\SageEngine\S.A.G.E\x64\Debug\assimp-vc143-mtd.pdb'; linking object as if no debug info
assimp-vc143-mtd.lib(OptimizeGraph.obj) : warning LNK4099: PDB 'assimp-vc143-mtd.pdb' was not found with 'assimp-vc143-mtd.lib(OptimizeGraph.obj)' or at 'D:\GitHubFiles\SageEngine\S.A.G.E\x64\Debug\assimp-vc143-mtd.pdb'; linking object as if no debug info
assimp-vc143-mtd.lib(SplitByBoneCountProcess.obj) : warning LNK4099: PDB 'assimp-vc143-mtd.pdb' was not found with 'assimp-vc143-mtd.lib(SplitByBoneCountProcess.obj)' or at 'D:\GitHubFiles\SageEngine\S.A.G.E\x64\Debug\assimp-vc143-mtd.pdb'; linking object as if no debug info
assimp-vc143-mtd.lib(DeboneProcess.obj) : warning LNK4099: PDB 'assimp-vc143-mtd.pdb' was not found with 'assimp-vc143-mtd.lib(DeboneProcess.obj)' or at 'D:\GitHubFiles\SageEngine\S.A.G.E\x64\Debug\assimp-vc143-mtd.pdb'; linking object as if no debug info
assimp-vc143-mtd.lib(ScaleProcess.obj) : warning LNK4099: PDB 'assimp-vc143-mtd.pdb' was not found with 'assimp-vc143-mtd.lib(ScaleProcess.obj)' or at 'D:\GitHubFiles\SageEngine\S.A.G.E\x64\Debug\assimp-vc143-mtd.pdb'; linking object as if no debug info
assimp-vc143-mtd.lib(GenBoundingBoxesProcess.obj) : warning LNK4099: PDB 'assimp-vc143-mtd.pdb' was not found with 'assimp-vc143-mtd.lib(GenBoundingBoxesProcess.obj)' or at 'D:\GitHubFiles\SageEngine\S.A.G.E\x64\Debug\assimp-vc143-mtd.pdb'; linking object as if no debug info
assimp-vc143-mtd.lib(XFileParser.obj) : warning LNK4099: PDB 'assimp-vc143-mtd.pdb' was not found with 'assimp-vc143-mtd.lib(XFileParser.obj)' or at 'D:\GitHubFiles\SageEngine\S.A.G.E\x64\Debug\assimp-vc143-mtd.pdb'; linking object as if no debug info
assimp-vc143-mtd.lib(AMFImporter_Postprocess.obj) : warning LNK4099: PDB 'assimp-vc143-mtd.pdb' was not found with 'assimp-vc143-mtd.lib(AMFImporter_Postprocess.obj)' or at 'D:\GitHubFiles\SageEngine\S.A.G.E\x64\Debug\assimp-vc143-mtd.pdb'; linking object as if no debug info
assimp-vc143-mtd.lib(AMFImporter_Material.obj) : warning LNK4099: PDB 'assimp-vc143-mtd.pdb' was not found with 'assimp-vc143-mtd.lib(AMFImporter_Material.obj)' or at 'D:\GitHubFiles\SageEngine\S.A.G.E\x64\Debug\assimp-vc143-mtd.pdb'; linking object as if no debug info
assimp-vc143-mtd.lib(AMFImporter_Geometry.obj) : warning LNK4099: PDB 'assimp-vc143-mtd.pdb' was not found with 'assimp-vc143-mtd.lib(AMFImporter_Geometry.obj)' or at 'D:\GitHubFiles\SageEngine\S.A.G.E\x64\Debug\assimp-vc143-mtd.pdb'; linking object as if no debug info
assimp-vc143-mtd.lib(SGSpatialSort.obj) : warning LNK4099: PDB 'assimp-vc143-mtd.pdb' was not found with 'assimp-vc143-mtd.lib(SGSpatialSort.obj)' or at 'D:\GitHubFiles\SageEngine\S.A.G.E\x64\Debug\assimp-vc143-mtd.pdb'; linking object as if no debug info
assimp-vc143-mtd.lib(3DSConverter.obj) : warning LNK4099: PDB 'assimp-vc143-mtd.pdb' was not found with 'assimp-vc143-mtd.lib(3DSConverter.obj)' or at 'D:\GitHubFiles\SageEngine\S.A.G.E\x64\Debug\assimp-vc143-mtd.pdb'; linking object as if no debug info
assimp-vc143-mtd.lib(SceneCombiner.obj) : warning LNK4099: PDB 'assimp-vc143-mtd.pdb' was not found with 'assimp-vc143-mtd.lib(SceneCombiner.obj)' or at 'D:\GitHubFiles\SageEngine\S.A.G.E\x64\Debug\assimp-vc143-mtd.pdb'; linking object as if no debug info
assimp-vc143-mtd.lib(RemoveComments.obj) : warning LNK4099: PDB 'assimp-vc143-mtd.pdb' was not found with 'assimp-vc143-mtd.lib(RemoveComments.obj)' or at 'D:\GitHubFiles\SageEngine\S.A.G.E\x64\Debug\assimp-vc143-mtd.pdb'; linking object as if no debug info
assimp-vc143-mtd.lib(MDLMaterialLoader.obj) : warning LNK4099: PDB 'assimp-vc143-mtd.pdb' was not found with 'assimp-vc143-mtd.lib(MDLMaterialLoader.obj)' or at 'D:\GitHubFiles\SageEngine\S.A.G.E\x64\Debug\assimp-vc143-mtd.pdb'; linking object as if no debug info
assimp-vc143-mtd.lib(PlyParser.obj) : warning LNK4099: PDB 'assimp-vc143-mtd.pdb' was not found with 'assimp-vc143-mtd.lib(PlyParser.obj)' or at 'D:\GitHubFiles\SageEngine\S.A.G.E\x64\Debug\assimp-vc143-mtd.pdb'; linking object as if no debug info
assimp-vc143-mtd.lib(ASEParser.obj) : warning LNK4099: PDB 'assimp-vc143-mtd.pdb' was not found with 'assimp-vc143-mtd.lib(ASEParser.obj)' or at 'D:\GitHubFiles\SageEngine\S.A.G.E\x64\Debug\assimp-vc143-mtd.pdb'; linking object as if no debug info
assimp-vc143-mtd.lib(SkeletonMeshBuilder.obj) : warning LNK4099: PDB 'assimp-vc143-mtd.pdb' was not found with 'assimp-vc143-mtd.lib(SkeletonMeshBuilder.obj)' or at 'D:\GitHubFiles\SageEngine\S.A.G.E\x64\Debug\assimp-vc143-mtd.pdb'; linking object as if no debug info
assimp-vc143-mtd.lib(ObjFileParser.obj) : warning LNK4099: PDB 'assimp-vc143-mtd.pdb' was not found with 'assimp-vc143-mtd.lib(ObjFileParser.obj)' or at 'D:\GitHubFiles\SageEngine\S.A.G.E\x64\Debug\assimp-vc143-mtd.pdb'; linking object as if no debug info
assimp-vc143-mtd.lib(MD5Parser.obj) : warning LNK4099: PDB 'assimp-vc143-mtd.pdb' was not found with 'assimp-vc143-mtd.lib(MD5Parser.obj)' or at 'D:\GitHubFiles\SageEngine\S.A.G.E\x64\Debug\assimp-vc143-mtd.pdb'; linking object as if no debug info
assimp-vc143-mtd.lib(LWOBLoader.obj) : warning LNK4099: PDB 'assimp-vc143-mtd.pdb' was not found with 'assimp-vc143-mtd.lib(LWOBLoader.obj)' or at 'D:\GitHubFiles\SageEngine\S.A.G.E\x64\Debug\assimp-vc143-mtd.pdb'; linking object as if no debug info
assimp-vc143-mtd.lib(LWOMaterial.obj) : warning LNK4099: PDB 'assimp-vc143-mtd.pdb' was not found with 'assimp-vc143-mtd.lib(LWOMaterial.obj)' or at 'D:\GitHubFiles\SageEngine\S.A.G.E\x64\Debug\assimp-vc143-mtd.pdb'; linking object as if no debug info
assimp-vc143-mtd.lib(StandardShapes.obj) : warning LNK4099: PDB 'assimp-vc143-mtd.pdb' was not found with 'assimp-vc143-mtd.lib(StandardShapes.obj)' or at 'D:\GitHubFiles\SageEngine\S.A.G.E\x64\Debug\assimp-vc143-mtd.pdb'; linking object as if no debug info
assimp-vc143-mtd.lib(Subdivision.obj) : warning LNK4099: PDB 'assimp-vc143-mtd.pdb' was not found with 'assimp-vc143-mtd.lib(Subdivision.obj)' or at 'D:\GitHubFiles\SageEngine\S.A.G.E\x64\Debug\assimp-vc143-mtd.pdb'; linking object as if no debug info
assimp-vc143-mtd.lib(IRRShared.obj) : warning LNK4099: PDB 'assimp-vc143-mtd.pdb' was not found with 'assimp-vc143-mtd.lib(IRRShared.obj)' or at 'D:\GitHubFiles\SageEngine\S.A.G.E\x64\Debug\assimp-vc143-mtd.pdb'; linking object as if no debug info
assimp-vc143-mtd.lib(ColladaParser.obj) : warning LNK4099: PDB 'assimp-vc143-mtd.pdb' was not found with 'assimp-vc143-mtd.lib(ColladaParser.obj)' or at 'D:\GitHubFiles\SageEngine\S.A.G.E\x64\Debug\assimp-vc143-mtd.pdb'; linking object as if no debug info
assimp-vc143-mtd.lib(CreateAnimMesh.obj) : warning LNK4099: PDB 'assimp-vc143-mtd.pdb' was not found with 'assimp-vc143-mtd.lib(CreateAnimMesh.obj)' or at 'D:\GitHubFiles\SageEngine\S.A.G.E\x64\Debug\assimp-vc143-mtd.pdb'; linking object as if no debug info
assimp-vc143-mtd.lib(ZipArchiveIOSystem.obj) : warning LNK4099: PDB 'assimp-vc143-mtd.pdb' was not found with 'assimp-vc143-mtd.lib(ZipArchiveIOSystem.obj)' or at 'D:\GitHubFiles\SageEngine\S.A.G.E\x64\Debug\assimp-vc143-mtd.pdb'; linking object as if no debug info
assimp-vc143-mtd.lib(LWOAnimation.obj) : warning LNK4099: PDB 'assimp-vc143-mtd.pdb' was not found with 'assimp-vc143-mtd.lib(LWOAnimation.obj)' or at 'D:\GitHubFiles\SageEngine\S.A.G.E\x64\Debug\assimp-vc143-mtd.pdb'; linking object as if no debug info
assimp-vc143-mtd.lib(OgreStructs.obj) : warning LNK4099: PDB 'assimp-vc143-mtd.pdb' was not found with 'assimp-vc143-mtd.lib(OgreStructs.obj)' or at 'D:\GitHubFiles\SageEngine\S.A.G.E\x64\Debug\assimp-vc143-mtd.pdb'; linking object as if no debug info
assimp-vc143-mtd.lib(OgreMaterial.obj) : warning LNK4099: PDB 'assimp-vc143-mtd.pdb' was not found with 'assimp-vc143-mtd.lib(OgreMaterial.obj)' or at 'D:\GitHubFiles\SageEngine\S.A.G.E\x64\Debug\assimp-vc143-mtd.pdb'; linking object as if no debug info
assimp-vc143-mtd.lib(OgreBinarySerializer.obj) : warning LNK4099: PDB 'assimp-vc143-mtd.pdb' was not found with 'assimp-vc143-mtd.lib(OgreBinarySerializer.obj)' or at 'D:\GitHubFiles\SageEngine\S.A.G.E\x64\Debug\assimp-vc143-mtd.pdb'; linking object as if no debug info
assimp-vc143-mtd.lib(OgreXmlSerializer.obj) : warning LNK4099: PDB 'assimp-vc143-mtd.pdb' was not found with 'assimp-vc143-mtd.lib(OgreXmlSerializer.obj)' or at 'D:\GitHubFiles\SageEngine\S.A.G.E\x64\Debug\assimp-vc143-mtd.pdb'; linking object as if no debug info
assimp-vc143-mtd.lib(MakeVerboseFormat.obj) : warning LNK4099: PDB 'assimp-vc143-mtd.pdb' was not found with 'assimp-vc143-mtd.lib(MakeVerboseFormat.obj)' or at 'D:\GitHubFiles\SageEngine\S.A.G.E\x64\Debug\assimp-vc143-mtd.pdb'; linking object as if no debug info
assimp-vc143-mtd.lib(OpenDDLCommon.obj) : warning LNK4099: PDB 'assimp-vc143-mtd.pdb' was not found with 'assimp-vc143-mtd.lib(OpenDDLCommon.obj)' or at 'D:\GitHubFiles\SageEngine\S.A.G.E\x64\Debug\assimp-vc143-mtd.pdb'; linking object as if no debug info
assimp-vc143-mtd.lib(DDLNode.obj) : warning LNK4099: PDB 'assimp-vc143-mtd.pdb' was not found with 'assimp-vc143-mtd.lib(DDLNode.obj)' or at 'D:\GitHubFiles\SageEngine\S.A.G.E\x64\Debug\assimp-vc143-mtd.pdb'; linking object as if no debug info
assimp-vc143-mtd.lib(Value.obj) : warning LNK4099: PDB 'assimp-vc143-mtd.pdb' was not found with 'assimp-vc143-mtd.lib(Value.obj)' or at 'D:\GitHubFiles\SageEngine\S.A.G.E\x64\Debug\assimp-vc143-mtd.pdb'; linking object as if no debug info
assimp-vc143-mtd.lib(OpenDDLParser.obj) : warning LNK4099: PDB 'assimp-vc143-mtd.pdb' was not found with 'assimp-vc143-mtd.lib(OpenDDLParser.obj)' or at 'D:\GitHubFiles\SageEngine\S.A.G.E\x64\Debug\assimp-vc143-mtd.pdb'; linking object as if no debug info
assimp-vc143-mtd.lib(BlenderDNA.obj) : warning LNK4099: PDB 'assimp-vc143-mtd.pdb' was not found with 'assimp-vc143-mtd.lib(BlenderDNA.obj)' or at 'D:\GitHubFiles\SageEngine\S.A.G.E\x64\Debug\assimp-vc143-mtd.pdb'; linking object as if no debug info
assimp-vc143-mtd.lib(BlenderModifier.obj) : warning LNK4099: PDB 'assimp-vc143-mtd.pdb' was not found with 'assimp-vc143-mtd.lib(BlenderModifier.obj)' or at 'D:\GitHubFiles\SageEngine\S.A.G.E\x64\Debug\assimp-vc143-mtd.pdb'; linking object as if no debug info
assimp-vc143-mtd.lib(BlenderCustomData.obj) : warning LNK4099: PDB 'assimp-vc143-mtd.pdb' was not found with 'assimp-vc143-mtd.lib(BlenderCustomData.obj)' or at 'D:\GitHubFiles\SageEngine\S.A.G.E\x64\Debug\assimp-vc143-mtd.pdb'; linking object as if no debug info
assimp-vc143-mtd.lib(BlenderScene.obj) : warning LNK4099: PDB 'assimp-vc143-mtd.pdb' was not found with 'assimp-vc143-mtd.lib(BlenderScene.obj)' or at 'D:\GitHubFiles\SageEngine\S.A.G.E\x64\Debug\assimp-vc143-mtd.pdb'; linking object as if no debug info
assimp-vc143-mtd.lib(Q3BSPFileParser.obj) : warning LNK4099: PDB 'assimp-vc143-mtd.pdb' was not found with 'assimp-vc143-mtd.lib(Q3BSPFileParser.obj)' or at 'D:\GitHubFiles\SageEngine\S.A.G.E\x64\Debug\assimp-vc143-mtd.pdb'; linking object as if no debug info
assimp-vc143-mtd.lib(unzip.obj) : warning LNK4099: PDB 'assimp-vc143-mtd.pdb' was not found with 'assimp-vc143-mtd.lib(unzip.obj)' or at 'D:\GitHubFiles\SageEngine\S.A.G.E\x64\Debug\assimp-vc143-mtd.pdb'; linking object as if no debug info
assimp-vc143-mtd.lib(STEPFileReader.obj) : warning LNK4099: PDB 'assimp-vc143-mtd.pdb' was not found with 'assimp-vc143-mtd.lib(STEPFileReader.obj)' or at 'D:\GitHubFiles\SageEngine\S.A.G.E\x64\Debug\assimp-vc143-mtd.pdb'; linking object as if no debug info
assimp-vc143-mtd.lib(IFCReaderGen1_2x3.obj) : warning LNK4099: PDB 'assimp-vc143-mtd.pdb' was not found with 'assimp-vc143-mtd.lib(IFCReaderGen1_2x3.obj)' or at 'D:\GitHubFiles\SageEngine\S.A.G.E\x64\Debug\assimp-vc143-mtd.pdb'; linking object as if no debug info
assimp-vc143-mtd.lib(IFCUtil.obj) : warning LNK4099: PDB 'assimp-vc143-mtd.pdb' was not found with 'assimp-vc143-mtd.lib(IFCUtil.obj)' or at 'D:\GitHubFiles\SageEngine\S.A.G.E\x64\Debug\assimp-vc143-mtd.pdb'; linking object as if no debug info
assimp-vc143-mtd.lib(IFCMaterial.obj) : warning LNK4099: PDB 'assimp-vc143-mtd.pdb' was not found with 'assimp-vc143-mtd.lib(IFCMaterial.obj)' or at 'D:\GitHubFiles\SageEngine\S.A.G.E\x64\Debug\assimp-vc143-mtd.pdb'; linking object as if no debug info
assimp-vc143-mtd.lib(IFCGeometry.obj) : warning LNK4099: PDB 'assimp-vc143-mtd.pdb' was not found with 'assimp-vc143-mtd.lib(IFCGeometry.obj)' or at 'D:\GitHubFiles\SageEngine\S.A.G.E\x64\Debug\assimp-vc143-mtd.pdb'; linking object as if no debug info
assimp-vc143-mtd.lib(FBXTokenizer.obj) : warning LNK4099: PDB 'assimp-vc143-mtd.pdb' was not found with 'assimp-vc143-mtd.lib(FBXTokenizer.obj)' or at 'D:\GitHubFiles\SageEngine\S.A.G.E\x64\Debug\assimp-vc143-mtd.pdb'; linking object as if no debug info
assimp-vc143-mtd.lib(FBXBinaryTokenizer.obj) : warning LNK4099: PDB 'assimp-vc143-mtd.pdb' was not found with 'assimp-vc143-mtd.lib(FBXBinaryTokenizer.obj)' or at 'D:\GitHubFiles\SageEngine\S.A.G.E\x64\Debug\assimp-vc143-mtd.pdb'; linking object as if no debug info
assimp-vc143-mtd.lib(FBXParser.obj) : warning LNK4099: PDB 'assimp-vc143-mtd.pdb' was not found with 'assimp-vc143-mtd.lib(FBXParser.obj)' or at 'D:\GitHubFiles\SageEngine\S.A.G.E\x64\Debug\assimp-vc143-mtd.pdb'; linking object as if no debug info
assimp-vc143-mtd.lib(FBXProperties.obj) : warning LNK4099: PDB 'assimp-vc143-mtd.pdb' was not found with 'assimp-vc143-mtd.lib(FBXProperties.obj)' or at 'D:\GitHubFiles\SageEngine\S.A.G.E\x64\Debug\assimp-vc143-mtd.pdb'; linking object as if no debug info
assimp-vc143-mtd.lib(FBXDocument.obj) : warning LNK4099: PDB 'assimp-vc143-mtd.pdb' was not found with 'assimp-vc143-mtd.lib(FBXDocument.obj)' or at 'D:\GitHubFiles\SageEngine\S.A.G.E\x64\Debug\assimp-vc143-mtd.pdb'; linking object as if no debug info
assimp-vc143-mtd.lib(FBXConverter.obj) : warning LNK4099: PDB 'assimp-vc143-mtd.pdb' was not found with 'assimp-vc143-mtd.lib(FBXConverter.obj)' or at 'D:\GitHubFiles\SageEngine\S.A.G.E\x64\Debug\assimp-vc143-mtd.pdb'; linking object as if no debug info
assimp-vc143-mtd.lib(glTFCommon.obj) : warning LNK4099: PDB 'assimp-vc143-mtd.pdb' was not found with 'assimp-vc143-mtd.lib(glTFCommon.obj)' or at 'D:\GitHubFiles\SageEngine\S.A.G.E\x64\Debug\assimp-vc143-mtd.pdb'; linking object as if no debug info
assimp-vc143-mtd.lib(o3dgcTriangleFans.obj) : warning LNK4099: PDB 'assimp-vc143-mtd.pdb' was not found with 'assimp-vc143-mtd.lib(o3dgcTriangleFans.obj)' or at 'D:\GitHubFiles\SageEngine\S.A.G.E\x64\Debug\assimp-vc143-mtd.pdb'; linking object as if no debug info
assimp-vc143-mtd.lib(o3dgcArithmeticCodec.obj) : warning LNK4099: PDB 'assimp-vc143-mtd.pdb' was not found with 'assimp-vc143-mtd.lib(o3dgcArithmeticCodec.obj)' or at 'D:\GitHubFiles\SageEngine\S.A.G.E\x64\Debug\assimp-vc143-mtd.pdb'; linking object as if no debug info
assimp-vc143-mtd.lib(D3MFOpcPackage.obj) : warning LNK4099: PDB 'assimp-vc143-mtd.pdb' was not found with 'assimp-vc143-mtd.lib(D3MFOpcPackage.obj)' or at 'D:\GitHubFiles\SageEngine\S.A.G.E\x64\Debug\assimp-vc143-mtd.pdb'; linking object as if no debug info
assimp-vc143-mtd.lib(FIReader.obj) : warning LNK4099: PDB 'assimp-vc143-mtd.pdb' was not found with 'assimp-vc143-mtd.lib(FIReader.obj)' or at 'D:\GitHubFiles\SageEngine\S.A.G.E\x64\Debug\assimp-vc143-mtd.pdb'; linking object as if no debug info
assimp-vc143-mtd.lib(X3DImporter_Postprocess.obj) : warning LNK4099: PDB 'assimp-vc143-mtd.pdb' was not found with 'assimp-vc143-mtd.lib(X3DImporter_Postprocess.obj)' or at 'D:\GitHubFiles\SageEngine\S.A.G.E\x64\Debug\assimp-vc143-mtd.pdb'; linking object as if no debug info
assimp-vc143-mtd.lib(X3DImporter_Metadata.obj) : warning LNK4099: PDB 'assimp-vc143-mtd.pdb' was not found with 'assimp-vc143-mtd.lib(X3DImporter_Metadata.obj)' or at 'D:\GitHubFiles\SageEngine\S.A.G.E\x64\Debug\assimp-vc143-mtd.pdb'; linking object as if no debug info
assimp-vc143-mtd.lib(X3DImporter_Group.obj) : warning LNK4099: PDB 'assimp-vc143-mtd.pdb' was not found with 'assimp-vc143-mtd.lib(X3DImporter_Group.obj)' or at 'D:\GitHubFiles\SageEngine\S.A.G.E\x64\Debug\assimp-vc143-mtd.pdb'; linking object as if no debug info
assimp-vc143-mtd.lib(X3DImporter_Shape.obj) : warning LNK4099: PDB 'assimp-vc143-mtd.pdb' was not found with 'assimp-vc143-mtd.lib(X3DImporter_Shape.obj)' or at 'D:\GitHubFiles\SageEngine\S.A.G.E\x64\Debug\assimp-vc143-mtd.pdb'; linking object as if no debug info
assimp-vc143-mtd.lib(X3DImporter_Networking.obj) : warning LNK4099: PDB 'assimp-vc143-mtd.pdb' was not found with 'assimp-vc143-mtd.lib(X3DImporter_Networking.obj)' or at 'D:\GitHubFiles\SageEngine\S.A.G.E\x64\Debug\assimp-vc143-mtd.pdb'; linking object as if no debug info
assimp-vc143-mtd.lib(X3DImporter_Light.obj) : warning LNK4099: PDB 'assimp-vc143-mtd.pdb' was not found with 'assimp-vc143-mtd.lib(X3DImporter_Light.obj)' or at 'D:\GitHubFiles\SageEngine\S.A.G.E\x64\Debug\assimp-vc143-mtd.pdb'; linking object as if no debug info
assimp-vc143-mtd.lib(X3DVocabulary.obj) : warning LNK4099: PDB 'assimp-vc143-mtd.pdb' was not found with 'assimp-vc143-mtd.lib(X3DVocabulary.obj)' or at 'D:\GitHubFiles\SageEngine\S.A.G.E\x64\Debug\assimp-vc143-mtd.pdb'; linking object as if no debug info
assimp-vc143-mtd.lib(MMDPmxParser.obj) : warning LNK4099: PDB 'assimp-vc143-mtd.pdb' was not found with 'assimp-vc143-mtd.lib(MMDPmxParser.obj)' or at 'D:\GitHubFiles\SageEngine\S.A.G.E\x64\Debug\assimp-vc143-mtd.pdb'; linking object as if no debug info
assimp-vc143-mtd.lib(VertexTriangleAdjacency.obj) : warning LNK4099: PDB 'assimp-vc143-mtd.pdb' was not found with 'assimp-vc143-mtd.lib(VertexTriangleAdjacency.obj)' or at 'D:\GitHubFiles\SageEngine\S.A.G.E\x64\Debug\assimp-vc143-mtd.pdb'; linking object as if no debug info
assimp-vc143-mtd.lib(ObjFileMtlImporter.obj) : warning LNK4099: PDB 'assimp-vc143-mtd.pdb' was not found with 'assimp-vc143-mtd.lib(ObjFileMtlImporter.obj)' or at 'D:\GitHubFiles\SageEngine\S.A.G.E\x64\Debug\assimp-vc143-mtd.pdb'; linking object as if no debug info
assimp-vc143-mtd.lib(OpenDDLStream.obj) : warning LNK4099: PDB 'assimp-vc143-mtd.pdb' was not found with 'assimp-vc143-mtd.lib(OpenDDLStream.obj)' or at 'D:\GitHubFiles\SageEngine\S.A.G.E\x64\Debug\assimp-vc143-mtd.pdb'; linking object as if no debug info
assimp-vc143-mtd.lib(OpenDDLExport.obj) : warning LNK4099: PDB 'assimp-vc143-mtd.pdb' was not found with 'assimp-vc143-mtd.lib(OpenDDLExport.obj)' or at 'D:\GitHubFiles\SageEngine\S.A.G.E\x64\Debug\assimp-vc143-mtd.pdb'; linking object as if no debug info
assimp-vc143-mtd.lib(ioapi.obj) : warning LNK4099: PDB 'assimp-vc143-mtd.pdb' was not found with 'assimp-vc143-mtd.lib(ioapi.obj)' or at 'D:\GitHubFiles\SageEngine\S.A.G.E\x64\Debug\assimp-vc143-mtd.pdb'; linking object as if no debug info
assimp-vc143-mtd.lib(STEPFileEncoding.obj) : warning LNK4099: PDB 'assimp-vc143-mtd.pdb' was not found with 'assimp-vc143-mtd.lib(STEPFileEncoding.obj)' or at 'D:\GitHubFiles\SageEngine\S.A.G.E\x64\Debug\assimp-vc143-mtd.pdb'; linking object as if no debug info
assimp-vc143-mtd.lib(IFCReaderGen2_2x3.obj) : warning LNK4099: PDB 'assimp-vc143-mtd.pdb' was not found with 'assimp-vc143-mtd.lib(IFCReaderGen2_2x3.obj)' or at 'D:\GitHubFiles\SageEngine\S.A.G.E\x64\Debug\assimp-vc143-mtd.pdb'; linking object as if no debug info
assimp-vc143-mtd.lib(IFCProfile.obj) : warning LNK4099: PDB 'assimp-vc143-mtd.pdb' was not found with 'assimp-vc143-mtd.lib(IFCProfile.obj)' or at 'D:\GitHubFiles\SageEngine\S.A.G.E\x64\Debug\assimp-vc143-mtd.pdb'; linking object as if no debug info
assimp-vc143-mtd.lib(IFCBoolean.obj) : warning LNK4099: PDB 'assimp-vc143-mtd.pdb' was not found with 'assimp-vc143-mtd.lib(IFCBoolean.obj)' or at 'D:\GitHubFiles\SageEngine\S.A.G.E\x64\Debug\assimp-vc143-mtd.pdb'; linking object as if no debug info
assimp-vc143-mtd.lib(IFCOpenings.obj) : warning LNK4099: PDB 'assimp-vc143-mtd.pdb' was not found with 'assimp-vc143-mtd.lib(IFCOpenings.obj)' or at 'D:\GitHubFiles\SageEngine\S.A.G.E\x64\Debug\assimp-vc143-mtd.pdb'; linking object as if no debug info
assimp-vc143-mtd.lib(IFCCurve.obj) : warning LNK4099: PDB 'assimp-vc143-mtd.pdb' was not found with 'assimp-vc143-mtd.lib(IFCCurve.obj)' or at 'D:\GitHubFiles\SageEngine\S.A.G.E\x64\Debug\assimp-vc143-mtd.pdb'; linking object as if no debug info
assimp-vc143-mtd.lib(FBXUtil.obj) : warning LNK4099: PDB 'assimp-vc143-mtd.pdb' was not found with 'assimp-vc143-mtd.lib(FBXUtil.obj)' or at 'D:\GitHubFiles\SageEngine\S.A.G.E\x64\Debug\assimp-vc143-mtd.pdb'; linking object as if no debug info
assimp-vc143-mtd.lib(FBXDocumentUtil.obj) : warning LNK4099: PDB 'assimp-vc143-mtd.pdb' was not found with 'assimp-vc143-mtd.lib(FBXDocumentUtil.obj)' or at 'D:\GitHubFiles\SageEngine\S.A.G.E\x64\Debug\assimp-vc143-mtd.pdb'; linking object as if no debug info
assimp-vc143-mtd.lib(FBXNodeAttribute.obj) : warning LNK4099: PDB 'assimp-vc143-mtd.pdb' was not found with 'assimp-vc143-mtd.lib(FBXNodeAttribute.obj)' or at 'D:\GitHubFiles\SageEngine\S.A.G.E\x64\Debug\assimp-vc143-mtd.pdb'; linking object as if no debug info
assimp-vc143-mtd.lib(FBXModel.obj) : warning LNK4099: PDB 'assimp-vc143-mtd.pdb' was not found with 'assimp-vc143-mtd.lib(FBXModel.obj)' or at 'D:\GitHubFiles\SageEngine\S.A.G.E\x64\Debug\assimp-vc143-mtd.pdb'; linking object as if no debug info
assimp-vc143-mtd.lib(FBXMaterial.obj) : warning LNK4099: PDB 'assimp-vc143-mtd.pdb' was not found with 'assimp-vc143-mtd.lib(FBXMaterial.obj)' or at 'D:\GitHubFiles\SageEngine\S.A.G.E\x64\Debug\assimp-vc143-mtd.pdb'; linking object as if no debug info
assimp-vc143-mtd.lib(FBXAnimation.obj) : warning LNK4099: PDB 'assimp-vc143-mtd.pdb' was not found with 'assimp-vc143-mtd.lib(FBXAnimation.obj)' or at 'D:\GitHubFiles\SageEngine\S.A.G.E\x64\Debug\assimp-vc143-mtd.pdb'; linking object as if no debug info
assimp-vc143-mtd.lib(FBXDeformer.obj) : warning LNK4099: PDB 'assimp-vc143-mtd.pdb' was not found with 'assimp-vc143-mtd.lib(FBXDeformer.obj)' or at 'D:\GitHubFiles\SageEngine\S.A.G.E\x64\Debug\assimp-vc143-mtd.pdb'; linking object as if no debug info
assimp-vc143-mtd.lib(FBXMeshGeometry.obj) : warning LNK4099: PDB 'assimp-vc143-mtd.pdb' was not found with 'assimp-vc143-mtd.lib(FBXMeshGeometry.obj)' or at 'D:\GitHubFiles\SageEngine\S.A.G.E\x64\Debug\assimp-vc143-mtd.pdb'; linking object as if no debug info
assimp-vc143-mtd.lib(X3DImporter_Geometry2D.obj) : warning LNK4099: PDB 'assimp-vc143-mtd.pdb' was not found with 'assimp-vc143-mtd.lib(X3DImporter_Geometry2D.obj)' or at 'D:\GitHubFiles\SageEngine\S.A.G.E\x64\Debug\assimp-vc143-mtd.pdb'; linking object as if no debug info
assimp-vc143-mtd.lib(X3DImporter_Geometry3D.obj) : warning LNK4099: PDB 'assimp-vc143-mtd.pdb' was not found with 'assimp-vc143-mtd.lib(X3DImporter_Geometry3D.obj)' or at 'D:\GitHubFiles\SageEngine\S.A.G.E\x64\Debug\assimp-vc143-mtd.pdb'; linking object as if no debug info
assimp-vc143-mtd.lib(X3DImporter_Rendering.obj) : warning LNK4099: PDB 'assimp-vc143-mtd.pdb' was not found with 'assimp-vc143-mtd.lib(X3DImporter_Rendering.obj)' or at 'D:\GitHubFiles\SageEngine\S.A.G.E\x64\Debug\assimp-vc143-mtd.pdb'; linking object as if no debug info
assimp-vc143-mtd.lib(X3DImporter_Texturing.obj) : warning LNK4099: PDB 'assimp-vc143-mtd.pdb' was not found with 'assimp-vc143-mtd.lib(X3DImporter_Texturing.obj)' or at 'D:\GitHubFiles\SageEngine\S.A.G.E\x64\Debug\assimp-vc143-mtd.pdb'; linking object as if no debug info
assimp-vc143-mtd.lib(cdt.obj) : warning LNK4099: PDB 'assimp-vc143-mtd.pdb' was not found with 'assimp-vc143-mtd.lib(cdt.obj)' or at 'D:\GitHubFiles\SageEngine\S.A.G.E\x64\Debug\assimp-vc143-mtd.pdb'; linking object as if no debug info
assimp-vc143-mtd.lib(clipper.obj) : warning LNK4099: PDB 'assimp-vc143-mtd.pdb' was not found with 'assimp-vc143-mtd.lib(clipper.obj)' or at 'D:\GitHubFiles\SageEngine\S.A.G.E\x64\Debug\assimp-vc143-mtd.pdb'; linking object as if no debug info
assimp-vc143-mtd.lib(sweep_context.obj) : warning LNK4099: PDB 'assimp-vc143-mtd.pdb' was not found with 'assimp-vc143-mtd.lib(sweep_context.obj)' or at 'D:\GitHubFiles\SageEngine\S.A.G.E\x64\Debug\assimp-vc143-mtd.pdb'; linking object as if no debug info
assimp-vc143-mtd.lib(sweep.obj) : warning LNK4099: PDB 'assimp-vc143-mtd.pdb' was not found with 'assimp-vc143-mtd.lib(sweep.obj)' or at 'D:\GitHubFiles\SageEngine\S.A.G.E\x64\Debug\assimp-vc143-mtd.pdb'; linking object as if no debug info
assimp-vc143-mtd.lib(shapes.obj) : warning LNK4099: PDB 'assimp-vc143-mtd.pdb' was not found with 'assimp-vc143-mtd.lib(shapes.obj)' or at 'D:\GitHubFiles\SageEngine\S.A.G.E\x64\Debug\assimp-vc143-mtd.pdb'; linking object as if no debug info
assimp-vc143-mtd.lib(advancing_front.obj) : warning LNK4099: PDB 'assimp-vc143-mtd.pdb' was not found with 'assimp-vc143-mtd.lib(advancing_front.obj)' or at 'D:\GitHubFiles\SageEngine\S.A.G.E\x64\Debug\assimp-vc143-mtd.pdb'; linking object as if no debug info
IrrXMLd.lib(irrXML.obj) : warning LNK4099: PDB 'IrrXMLd.pdb' was not found with 'IrrXMLd.lib(irrXML.obj)' or at 'D:\GitHubFiles\SageEngine\S.A.G.E\x64\Debug\IrrXMLd.pdb'; linking object as if no debug info
     Creating library D:\GitHubFiles\SageEngine\S.A.G.E\x64\Debug\ModelImporter.lib and object D:\GitHubFiles\SageEngine\S.A.G.E\x64\Debug\ModelImporter.exp
  ModelImporter.vcxproj -> D:\GitHubFiles\SageEngine\S.A.G.E\x64\Debug\ModelImporter.exe
